[    1209ms] [INFO] Run helper.... @ https://cdn.shopify.com/extensions/01a0f807-168f-7fcf-a3d0-e91e9a539d12/pagefly-ai-page-builder-363/assets/pagefly-general-helper.js:0
[    1230ms] [LOG] productATCs [] @ https://cdn.shopify.com/extensions/01a0f807-168f-7fcf-a3d0-e91e9a539d12/pagefly-ai-page-builder-363/assets/pagefly-product.js:4
[    2274ms] [VERBOSE] Rendering was performed in a subtree hidden by content-visibility. @ https://electyum.com/cdn/wpm/b5982071ew7ea472e3p69b68784m2150dfeam.js:0
[    2275ms] [VERBOSE] Rendering was performed in a subtree hidden by content-visibility. @ https://electyum.com/cdn/wpm/b5982071ew7ea472e3p69b68784m2150dfeam.js:0
[    2275ms] [VERBOSE] Rendering was performed in a subtree hidden by content-visibility. @ https://electyum.com/cdn/wpm/b5982071ew7ea472e3p69b68784m2150dfeam.js:0
[    2276ms] [VERBOSE] Rendering was performed in a subtree hidden by content-visibility. @ https://electyum.com/cdn/wpm/b5982071ew7ea472e3p69b68784m2150dfeam.js:0
[    2276ms] [VERBOSE] Rendering was performed in a subtree hidden by content-visibility. @ https://electyum.com/cdn/wpm/b5982071ew7ea472e3p69b68784m2150dfeam.js:0
[    2276ms] [VERBOSE] Rendering was performed in a subtree hidden by content-visibility. @ https://electyum.com/cdn/wpm/b5982071ew7ea472e3p69b68784m2150dfeam.js:0
[    2276ms] [VERBOSE] Rendering was performed in a subtree hidden by content-visibility. @ https://electyum.com/cdn/wpm/b5982071ew7ea472e3p69b68784m2150dfeam.js:0
[    2276ms] [VERBOSE] Rendering was performed in a subtree hidden by content-visibility. @ https://electyum.com/cdn/wpm/b5982071ew7ea472e3p69b68784m2150dfeam.js:0
[    2277ms] [VERBOSE] Rendering was performed in a subtree hidden by content-visibility. @ https://electyum.com/cdn/wpm/b5982071ew7ea472e3p69b68784m2150dfeam.js:0
[    2277ms] [VERBOSE] Rendering was performed in a subtree hidden by content-visibility. @ https://electyum.com/cdn/wpm/b5982071ew7ea472e3p69b68784m2150dfeam.js:0
[    2277ms] [VERBOSE] Rendering was performed in a subtree hidden by content-visibility. @ https://electyum.com/cdn/wpm/b5982071ew7ea472e3p69b68784m2150dfeam.js:0
[    2277ms] [VERBOSE] Rendering was performed in a subtree hidden by content-visibility. @ https://electyum.com/cdn/wpm/b5982071ew7ea472e3p69b68784m2150dfeam.js:0
[    2277ms] [VERBOSE] Rendering was performed in a subtree hidden by content-visibility. @ https://electyum.com/cdn/wpm/b5982071ew7ea472e3p69b68784m2150dfeam.js:0
[    2279ms] [VERBOSE] Rendering was performed in a subtree hidden by content-visibility. @ https://electyum.com/cdn/wpm/b5982071ew7ea472e3p69b68784m2150dfeam.js:0
[    2279ms] [VERBOSE] Rendering was performed in a subtree hidden by content-visibility. @ https://electyum.com/cdn/wpm/b5982071ew7ea472e3p69b68784m2150dfeam.js:0
[    2279ms] [VERBOSE] Rendering was performed in a subtree hidden by content-visibility. @ https://electyum.com/cdn/wpm/b5982071ew7ea472e3p69b68784m2150dfeam.js:0
[    2279ms] [VERBOSE] Rendering was performed in a subtree hidden by content-visibility. @ https://electyum.com/cdn/wpm/b5982071ew7ea472e3p69b68784m2150dfeam.js:0
[    2279ms] [VERBOSE] Rendering was performed in a subtree hidden by content-visibility. @ https://electyum.com/cdn/wpm/b5982071ew7ea472e3p69b68784m2150dfeam.js:0
[    2280ms] [VERBOSE] Rendering was performed in a subtree hidden by content-visibility. @ https://electyum.com/cdn/wpm/b5982071ew7ea472e3p69b68784m2150dfeam.js:0
[    2280ms] [VERBOSE] Rendering was performed in a subtree hidden by content-visibility. @ https://electyum.com/cdn/wpm/b5982071ew7ea472e3p69b68784m2150dfeam.js:0
[    2280ms] [VERBOSE] Rendering was performed in a subtree hidden by content-visibility. @ https://electyum.com/cdn/wpm/b5982071ew7ea472e3p69b68784m2150dfeam.js:0
[    2281ms] [VERBOSE] Rendering was performed in a subtree hidden by content-visibility. @ https://electyum.com/cdn/wpm/b5982071ew7ea472e3p69b68784m2150dfeam.js:0
[    2281ms] [VERBOSE] Rendering was performed in a subtree hidden by content-visibility. @ https://electyum.com/cdn/wpm/b5982071ew7ea472e3p69b68784m2150dfeam.js:0
[    2281ms] [VERBOSE] Rendering was performed in a subtree hidden by content-visibility. @ https://electyum.com/cdn/wpm/b5982071ew7ea472e3p69b68784m2150dfeam.js:0
[    2281ms] [VERBOSE] Rendering was performed in a subtree hidden by content-visibility. @ https://electyum.com/cdn/wpm/b5982071ew7ea472e3p69b68784m2150dfeam.js:0
[    2283ms] [VERBOSE] Rendering was performed in a subtree hidden by content-visibility. @ https://electyum.com/cdn/wpm/b5982071ew7ea472e3p69b68784m2150dfeam.js:0
[    2283ms] [VERBOSE] Rendering was performed in a subtree hidden by content-visibility. @ https://electyum.com/cdn/wpm/b5982071ew7ea472e3p69b68784m2150dfeam.js:0
[    2283ms] [VERBOSE] Rendering was performed in a subtree hidden by content-visibility. @ https://electyum.com/cdn/wpm/b5982071ew7ea472e3p69b68784m2150dfeam.js:0
[    2283ms] [VERBOSE] Rendering was performed in a subtree hidden by content-visibility. @ https://electyum.com/cdn/wpm/b5982071ew7ea472e3p69b68784m2150dfeam.js:0
[    2284ms] [VERBOSE] Rendering was performed in a subtree hidden by content-visibility. @ https://electyum.com/cdn/wpm/b5982071ew7ea472e3p69b68784m2150dfeam.js:0
[    2284ms] [VERBOSE] Rendering was performed in a subtree hidden by content-visibility. @ https://electyum.com/cdn/wpm/b5982071ew7ea472e3p69b68784m2150dfeam.js:0
[    2284ms] [VERBOSE] Rendering was performed in a subtree hidden by content-visibility. @ https://electyum.com/cdn/wpm/b5982071ew7ea472e3p69b68784m2150dfeam.js:0
[    2284ms] [VERBOSE] Rendering was performed in a subtree hidden by content-visibility. @ https://electyum.com/cdn/wpm/b5982071ew7ea472e3p69b68784m2150dfeam.js:0
[    2284ms] [VERBOSE] Rendering was performed in a subtree hidden by content-visibility. @ https://electyum.com/cdn/wpm/b5982071ew7ea472e3p69b68784m2150dfeam.js:0
[    2285ms] [VERBOSE] Rendering was performed in a subtree hidden by content-visibility. @ https://electyum.com/cdn/wpm/b5982071ew7ea472e3p69b68784m2150dfeam.js:0
[    2285ms] [VERBOSE] Rendering was performed in a subtree hidden by content-visibility. @ https://electyum.com/cdn/wpm/b5982071ew7ea472e3p69b68784m2150dfeam.js:0
[    2295ms] [VERBOSE] Rendering was performed in a subtree hidden by content-visibility. @ https://electyum.com/cdn/wpm/b5982071ew7ea472e3p69b68784m2150dfeam.js:0
[    2296ms] [VERBOSE] Rendering was performed in a subtree hidden by content-visibility. @ https://electyum.com/cdn/wpm/b5982071ew7ea472e3p69b68784m2150dfeam.js:0
[    2296ms] [VERBOSE] Rendering was performed in a subtree hidden by content-visibility. @ https://electyum.com/cdn/wpm/b5982071ew7ea472e3p69b68784m2150dfeam.js:0
[    2296ms] [VERBOSE] Rendering was performed in a subtree hidden by content-visibility. @ https://electyum.com/cdn/wpm/b5982071ew7ea472e3p69b68784m2150dfeam.js:0
[    2297ms] [VERBOSE] Rendering was performed in a subtree hidden by content-visibility. @ https://electyum.com/cdn/wpm/b5982071ew7ea472e3p69b68784m2150dfeam.js:0
[    2297ms] [VERBOSE] Rendering was performed in a subtree hidden by content-visibility. @ https://electyum.com/cdn/wpm/b5982071ew7ea472e3p69b68784m2150dfeam.js:0
[    2297ms] [VERBOSE] Rendering was performed in a subtree hidden by content-visibility. @ https://electyum.com/cdn/wpm/b5982071ew7ea472e3p69b68784m2150dfeam.js:0
[    2297ms] [VERBOSE] Rendering was performed in a subtree hidden by content-visibility. @ https://electyum.com/cdn/wpm/b5982071ew7ea472e3p69b68784m2150dfeam.js:0
[    2298ms] [VERBOSE] Rendering was performed in a subtree hidden by content-visibility. @ https://electyum.com/cdn/wpm/b5982071ew7ea472e3p69b68784m2150dfeam.js:0
[    2298ms] [VERBOSE] Rendering was performed in a subtree hidden by content-visibility. @ https://electyum.com/cdn/wpm/b5982071ew7ea472e3p69b68784m2150dfeam.js:0
[    2298ms] [VERBOSE] Rendering was performed in a subtree hidden by content-visibility. @ https://electyum.com/cdn/wpm/b5982071ew7ea472e3p69b68784m2150dfeam.js:0
[    2298ms] [VERBOSE] Rendering was performed in a subtree hidden by content-visibility. @ https://electyum.com/cdn/wpm/b5982071ew7ea472e3p69b68784m2150dfeam.js:0
[    2299ms] [VERBOSE] Rendering was performed in a subtree hidden by content-visibility. @ https://electyum.com/cdn/wpm/b5982071ew7ea472e3p69b68784m2150dfeam.js:0
[    2304ms] [VERBOSE] Rendering was performed in a subtree hidden by content-visibility. @ https://electyum.com/cdn/wpm/b5982071ew7ea472e3p69b68784m2150dfeam.js:0
[    2304ms] [VERBOSE] Rendering was performed in a subtree hidden by content-visibility. @ https://electyum.com/cdn/wpm/b5982071ew7ea472e3p69b68784m2150dfeam.js:0
[    2304ms] [VERBOSE] Rendering was performed in a subtree hidden by content-visibility. @ https://electyum.com/cdn/wpm/b5982071ew7ea472e3p69b68784m2150dfeam.js:0
[    2304ms] [VERBOSE] Rendering was performed in a subtree hidden by content-visibility. @ https://electyum.com/cdn/wpm/b5982071ew7ea472e3p69b68784m2150dfeam.js:0
[    2305ms] [VERBOSE] Rendering was performed in a subtree hidden by content-visibility. @ https://electyum.com/cdn/wpm/b5982071ew7ea472e3p69b68784m2150dfeam.js:0
[    2305ms] [VERBOSE] Rendering was performed in a subtree hidden by content-visibility. @ https://electyum.com/cdn/wpm/b5982071ew7ea472e3p69b68784m2150dfeam.js:0
[    2309ms] [VERBOSE] Rendering was performed in a subtree hidden by content-visibility. @ https://electyum.com/cdn/wpm/b5982071ew7ea472e3p69b68784m2150dfeam.js:0
[    2309ms] [VERBOSE] Rendering was performed in a subtree hidden by content-visibility. @ https://electyum.com/cdn/wpm/b5982071ew7ea472e3p69b68784m2150dfeam.js:0
[    2309ms] [VERBOSE] Rendering was performed in a subtree hidden by content-visibility. @ https://electyum.com/cdn/wpm/b5982071ew7ea472e3p69b68784m2150dfeam.js:0
[    2310ms] [VERBOSE] Rendering was performed in a subtree hidden by content-visibility. @ https://electyum.com/cdn/wpm/b5982071ew7ea472e3p69b68784m2150dfeam.js:0
[    2310ms] [VERBOSE] Rendering was performed in a subtree hidden by content-visibility. @ https://electyum.com/cdn/wpm/b5982071ew7ea472e3p69b68784m2150dfeam.js:0
[    2311ms] [VERBOSE] Rendering was performed in a subtree hidden by content-visibility. @ https://electyum.com/cdn/wpm/b5982071ew7ea472e3p69b68784m2150dfeam.js:0
[    2313ms] [VERBOSE] Rendering was performed in a subtree hidden by content-visibility. @ https://electyum.com/cdn/wpm/b5982071ew7ea472e3p69b68784m2150dfeam.js:0
[    2313ms] [VERBOSE] Rendering was performed in a subtree hidden by content-visibility. @ https://electyum.com/cdn/wpm/b5982071ew7ea472e3p69b68784m2150dfeam.js:0
[    2313ms] [VERBOSE] Rendering was performed in a subtree hidden by content-visibility. @ https://electyum.com/cdn/wpm/b5982071ew7ea472e3p69b68784m2150dfeam.js:0
[    2314ms] [VERBOSE] Rendering was performed in a subtree hidden by content-visibility. @ https://electyum.com/cdn/wpm/b5982071ew7ea472e3p69b68784m2150dfeam.js:0
[    2314ms] [VERBOSE] Rendering was performed in a subtree hidden by content-visibility. @ https://electyum.com/cdn/wpm/b5982071ew7ea472e3p69b68784m2150dfeam.js:0
[    2314ms] [VERBOSE] Rendering was performed in a subtree hidden by content-visibility. @ https://electyum.com/cdn/wpm/b5982071ew7ea472e3p69b68784m2150dfeam.js:0
[    2315ms] [VERBOSE] Rendering was performed in a subtree hidden by content-visibility. @ https://electyum.com/cdn/wpm/b5982071ew7ea472e3p69b68784m2150dfeam.js:0
[    2315ms] [VERBOSE] Rendering was performed in a subtree hidden by content-visibility. @ https://electyum.com/cdn/wpm/b5982071ew7ea472e3p69b68784m2150dfeam.js:0
[    2315ms] [VERBOSE] Rendering was performed in a subtree hidden by content-visibility. @ https://electyum.com/cdn/wpm/b5982071ew7ea472e3p69b68784m2150dfeam.js:0
[    2315ms] [VERBOSE] Rendering was performed in a subtree hidden by content-visibility. @ https://electyum.com/cdn/wpm/b5982071ew7ea472e3p69b68784m2150dfeam.js:0
[    2315ms] [VERBOSE] Rendering was performed in a subtree hidden by content-visibility. @ https://electyum.com/cdn/wpm/b5982071ew7ea472e3p69b68784m2150dfeam.js:0
[    2331ms] [LOG] Script loaded successfully: https://cdn.shopify.com/extensions/01a0f807-168f-7fcf-a3d0-e91e9a539d12/pagefly-ai-page-builder-363/assets/pagefly-htmlvideo2.js @ https://cdn.shopify.com/extensions/01a0f807-168f-7fcf-a3d0-e91e9a539d12/pagefly-ai-page-builder-363/assets/pagefly-general-helper.js:0
[    3459ms] [LOG] [SeQura] deploymentTarget: byUri=sequra legacy=sequra fallbackInUse=false scriptUri=https://live.sequracdn.com/assets/sequra-checkout.min.js merchant=electyum assetKey=5mBpU2IZjf @ https://live.sequracdn.com/assets/sequra-checkout.min.js:0
[    4377ms] [VERBOSE] Rendering was performed in a subtree hidden by content-visibility. @ :3338
[    4378ms] [VERBOSE] Rendering was performed in a subtree hidden by content-visibility. @ :3338
[    4379ms] [VERBOSE] Rendering was performed in a subtree hidden by content-visibility. @ :3338
[    4380ms] [VERBOSE] Rendering was performed in a subtree hidden by content-visibility. @ :3338
[    4380ms] [VERBOSE] Rendering was performed in a subtree hidden by content-visibility. @ :3338
[    4381ms] [VERBOSE] Rendering was performed in a subtree hidden by content-visibility. @ :3338
[    4405ms] [VERBOSE] Rendering was performed in a subtree hidden by content-visibility. @ :3338
[    4406ms] [VERBOSE] Rendering was performed in a subtree hidden by content-visibility. @ :3338
[    4407ms] [VERBOSE] Rendering was performed in a subtree hidden by content-visibility. @ :3338
[    4408ms] [VERBOSE] Rendering was performed in a subtree hidden by content-visibility. @ :3338
[    4410ms] [VERBOSE] Rendering was performed in a subtree hidden by content-visibility. @ :3338
[    4410ms] [VERBOSE] Rendering was performed in a subtree hidden by content-visibility. @ :3338
[   13692ms] [VERBOSE] Rendering was performed in a subtree hidden by content-visibility. @ :3338
[   13693ms] [VERBOSE] Rendering was performed in a subtree hidden by content-visibility. @ :3338
[   13694ms] [VERBOSE] Rendering was performed in a subtree hidden by content-visibility. @ :3338
[   13695ms] [VERBOSE] Rendering was performed in a subtree hidden by content-visibility. @ :3338
[   13696ms] [VERBOSE] Rendering was performed in a subtree hidden by content-visibility. @ :3338
[   13696ms] [VERBOSE] Rendering was performed in a subtree hidden by content-visibility. @ :3338
[   13712ms] [VERBOSE] Rendering was performed in a subtree hidden by content-visibility. @ :3338
[   13713ms] [VERBOSE] Rendering was performed in a subtree hidden by content-visibility. @ :3338
[   13714ms] [VERBOSE] Rendering was performed in a subtree hidden by content-visibility. @ :3338
[   13714ms] [VERBOSE] Rendering was performed in a subtree hidden by content-visibility. @ :3338
[   13715ms] [VERBOSE] Rendering was performed in a subtree hidden by content-visibility. @ :3338
[   13716ms] [VERBOSE] Rendering was performed in a subtree hidden by content-visibility. @ :3338
