[    1560ms] [INFO] Run helper.... @ https://cdn.shopify.com/extensions/01a0f807-168f-7fcf-a3d0-e91e9a539d12/pagefly-ai-page-builder-363/assets/pagefly-general-helper.js:0
[    1580ms] [LOG] productATCs [] @ https://cdn.shopify.com/extensions/01a0f807-168f-7fcf-a3d0-e91e9a539d12/pagefly-ai-page-builder-363/assets/pagefly-product.js:4
[    2241ms] [LOG] Script loaded successfully: https://cdn.shopify.com/extensions/01a0f807-168f-7fcf-a3d0-e91e9a539d12/pagefly-ai-page-builder-363/assets/pagefly-htmlvideo2.js @ https://cdn.shopify.com/extensions/01a0f807-168f-7fcf-a3d0-e91e9a539d12/pagefly-ai-page-builder-363/assets/pagefly-general-helper.js:0
[    2699ms] [VERBOSE] Rendering was performed in a subtree hidden by content-visibility. @ https://electyum.com/cdn/wpm/b5982071ew7ea472e3p69b68784m2150dfeam.js:0
[    2700ms] [VERBOSE] Rendering was performed in a subtree hidden by content-visibility. @ https://electyum.com/cdn/wpm/b5982071ew7ea472e3p69b68784m2150dfeam.js:0
[    2700ms] [VERBOSE] Rendering was performed in a subtree hidden by content-visibility. @ https://electyum.com/cdn/wpm/b5982071ew7ea472e3p69b68784m2150dfeam.js:0
[    2701ms] [VERBOSE] Rendering was performed in a subtree hidden by content-visibility. @ https://electyum.com/cdn/wpm/b5982071ew7ea472e3p69b68784m2150dfeam.js:0
[    2701ms] [VERBOSE] Rendering was performed in a subtree hidden by content-visibility. @ https://electyum.com/cdn/wpm/b5982071ew7ea472e3p69b68784m2150dfeam.js:0
[    2701ms] [VERBOSE] Rendering was performed in a subtree hidden by content-visibility. @ https://electyum.com/cdn/wpm/b5982071ew7ea472e3p69b68784m2150dfeam.js:0
[    2701ms] [VERBOSE] Rendering was performed in a subtree hidden by content-visibility. @ https://electyum.com/cdn/wpm/b5982071ew7ea472e3p69b68784m2150dfeam.js:0
[    2701ms] [VERBOSE] Rendering was performed in a subtree hidden by content-visibility. @ https://electyum.com/cdn/wpm/b5982071ew7ea472e3p69b68784m2150dfeam.js:0
[    2702ms] [VERBOSE] Rendering was performed in a subtree hidden by content-visibility. @ https://electyum.com/cdn/wpm/b5982071ew7ea472e3p69b68784m2150dfeam.js:0
[    2702ms] [VERBOSE] Rendering was performed in a subtree hidden by content-visibility. @ https://electyum.com/cdn/wpm/b5982071ew7ea472e3p69b68784m2150dfeam.js:0
[    2702ms] [VERBOSE] Rendering was performed in a subtree hidden by content-visibility. @ https://electyum.com/cdn/wpm/b5982071ew7ea472e3p69b68784m2150dfeam.js:0
[    2702ms] [VERBOSE] Rendering was performed in a subtree hidden by content-visibility. @ https://electyum.com/cdn/wpm/b5982071ew7ea472e3p69b68784m2150dfeam.js:0
[    2703ms] [VERBOSE] Rendering was performed in a subtree hidden by content-visibility. @ https://electyum.com/cdn/wpm/b5982071ew7ea472e3p69b68784m2150dfeam.js:0
[    2704ms] [VERBOSE] Rendering was performed in a subtree hidden by content-visibility. @ https://electyum.com/cdn/wpm/b5982071ew7ea472e3p69b68784m2150dfeam.js:0
[    2704ms] [VERBOSE] Rendering was performed in a subtree hidden by content-visibility. @ https://electyum.com/cdn/wpm/b5982071ew7ea472e3p69b68784m2150dfeam.js:0
[    2704ms] [VERBOSE] Rendering was performed in a subtree hidden by content-visibility. @ https://electyum.com/cdn/wpm/b5982071ew7ea472e3p69b68784m2150dfeam.js:0
[    2704ms] [VERBOSE] Rendering was performed in a subtree hidden by content-visibility. @ https://electyum.com/cdn/wpm/b5982071ew7ea472e3p69b68784m2150dfeam.js:0
[    2705ms] [VERBOSE] Rendering was performed in a subtree hidden by content-visibility. @ https://electyum.com/cdn/wpm/b5982071ew7ea472e3p69b68784m2150dfeam.js:0
[    2705ms] [VERBOSE] Rendering was performed in a subtree hidden by content-visibility. @ https://electyum.com/cdn/wpm/b5982071ew7ea472e3p69b68784m2150dfeam.js:0
[    2705ms] [VERBOSE] Rendering was performed in a subtree hidden by content-visibility. @ https://electyum.com/cdn/wpm/b5982071ew7ea472e3p69b68784m2150dfeam.js:0
[    2705ms] [VERBOSE] Rendering was performed in a subtree hidden by content-visibility. @ https://electyum.com/cdn/wpm/b5982071ew7ea472e3p69b68784m2150dfeam.js:0
[    2705ms] [VERBOSE] Rendering was performed in a subtree hidden by content-visibility. @ https://electyum.com/cdn/wpm/b5982071ew7ea472e3p69b68784m2150dfeam.js:0
[    2706ms] [VERBOSE] Rendering was performed in a subtree hidden by content-visibility. @ https://electyum.com/cdn/wpm/b5982071ew7ea472e3p69b68784m2150dfeam.js:0
[    2706ms] [VERBOSE] Rendering was performed in a subtree hidden by content-visibility. @ https://electyum.com/cdn/wpm/b5982071ew7ea472e3p69b68784m2150dfeam.js:0
[    2706ms] [VERBOSE] Rendering was performed in a subtree hidden by content-visibility. @ https://electyum.com/cdn/wpm/b5982071ew7ea472e3p69b68784m2150dfeam.js:0
[    2708ms] [VERBOSE] Rendering was performed in a subtree hidden by content-visibility. @ https://electyum.com/cdn/wpm/b5982071ew7ea472e3p69b68784m2150dfeam.js:0
[    2708ms] [VERBOSE] Rendering was performed in a subtree hidden by content-visibility. @ https://electyum.com/cdn/wpm/b5982071ew7ea472e3p69b68784m2150dfeam.js:0
[    2708ms] [VERBOSE] Rendering was performed in a subtree hidden by content-visibility. @ https://electyum.com/cdn/wpm/b5982071ew7ea472e3p69b68784m2150dfeam.js:0
[    2708ms] [VERBOSE] Rendering was performed in a subtree hidden by content-visibility. @ https://electyum.com/cdn/wpm/b5982071ew7ea472e3p69b68784m2150dfeam.js:0
[    2709ms] [VERBOSE] Rendering was performed in a subtree hidden by content-visibility. @ https://electyum.com/cdn/wpm/b5982071ew7ea472e3p69b68784m2150dfeam.js:0
[    2709ms] [VERBOSE] Rendering was performed in a subtree hidden by content-visibility. @ https://electyum.com/cdn/wpm/b5982071ew7ea472e3p69b68784m2150dfeam.js:0
[    2709ms] [VERBOSE] Rendering was performed in a subtree hidden by content-visibility. @ https://electyum.com/cdn/wpm/b5982071ew7ea472e3p69b68784m2150dfeam.js:0
[    2709ms] [VERBOSE] Rendering was performed in a subtree hidden by content-visibility. @ https://electyum.com/cdn/wpm/b5982071ew7ea472e3p69b68784m2150dfeam.js:0
[    2710ms] [VERBOSE] Rendering was performed in a subtree hidden by content-visibility. @ https://electyum.com/cdn/wpm/b5982071ew7ea472e3p69b68784m2150dfeam.js:0
[    2710ms] [VERBOSE] Rendering was performed in a subtree hidden by content-visibility. @ https://electyum.com/cdn/wpm/b5982071ew7ea472e3p69b68784m2150dfeam.js:0
[    2710ms] [VERBOSE] Rendering was performed in a subtree hidden by content-visibility. @ https://electyum.com/cdn/wpm/b5982071ew7ea472e3p69b68784m2150dfeam.js:0
[    2722ms] [VERBOSE] Rendering was performed in a subtree hidden by content-visibility. @ https://electyum.com/cdn/wpm/b5982071ew7ea472e3p69b68784m2150dfeam.js:0
[    2725ms] [VERBOSE] Rendering was performed in a subtree hidden by content-visibility. @ https://electyum.com/cdn/wpm/b5982071ew7ea472e3p69b68784m2150dfeam.js:0
[    2725ms] [VERBOSE] Rendering was performed in a subtree hidden by content-visibility. @ https://electyum.com/cdn/wpm/b5982071ew7ea472e3p69b68784m2150dfeam.js:0
[    2727ms] [VERBOSE] Rendering was performed in a subtree hidden by content-visibility. @ https://electyum.com/cdn/wpm/b5982071ew7ea472e3p69b68784m2150dfeam.js:0
[    2727ms] [VERBOSE] Rendering was performed in a subtree hidden by content-visibility. @ https://electyum.com/cdn/wpm/b5982071ew7ea472e3p69b68784m2150dfeam.js:0
[    2728ms] [VERBOSE] Rendering was performed in a subtree hidden by content-visibility. @ https://electyum.com/cdn/wpm/b5982071ew7ea472e3p69b68784m2150dfeam.js:0
[    2728ms] [VERBOSE] Rendering was performed in a subtree hidden by content-visibility. @ https://electyum.com/cdn/wpm/b5982071ew7ea472e3p69b68784m2150dfeam.js:0
[    2728ms] [VERBOSE] Rendering was performed in a subtree hidden by content-visibility. @ https://electyum.com/cdn/wpm/b5982071ew7ea472e3p69b68784m2150dfeam.js:0
[    2728ms] [VERBOSE] Rendering was performed in a subtree hidden by content-visibility. @ https://electyum.com/cdn/wpm/b5982071ew7ea472e3p69b68784m2150dfeam.js:0
[    2729ms] [VERBOSE] Rendering was performed in a subtree hidden by content-visibility. @ https://electyum.com/cdn/wpm/b5982071ew7ea472e3p69b68784m2150dfeam.js:0
[    2729ms] [VERBOSE] Rendering was performed in a subtree hidden by content-visibility. @ https://electyum.com/cdn/wpm/b5982071ew7ea472e3p69b68784m2150dfeam.js:0
[    2729ms] [VERBOSE] Rendering was performed in a subtree hidden by content-visibility. @ https://electyum.com/cdn/wpm/b5982071ew7ea472e3p69b68784m2150dfeam.js:0
[    2729ms] [VERBOSE] Rendering was performed in a subtree hidden by content-visibility. @ https://electyum.com/cdn/wpm/b5982071ew7ea472e3p69b68784m2150dfeam.js:0
[    2733ms] [VERBOSE] Rendering was performed in a subtree hidden by content-visibility. @ https://electyum.com/cdn/wpm/b5982071ew7ea472e3p69b68784m2150dfeam.js:0
[    2733ms] [VERBOSE] Rendering was performed in a subtree hidden by content-visibility. @ https://electyum.com/cdn/wpm/b5982071ew7ea472e3p69b68784m2150dfeam.js:0
[    2733ms] [VERBOSE] Rendering was performed in a subtree hidden by content-visibility. @ https://electyum.com/cdn/wpm/b5982071ew7ea472e3p69b68784m2150dfeam.js:0
[    2733ms] [VERBOSE] Rendering was performed in a subtree hidden by content-visibility. @ https://electyum.com/cdn/wpm/b5982071ew7ea472e3p69b68784m2150dfeam.js:0
[    2733ms] [VERBOSE] Rendering was performed in a subtree hidden by content-visibility. @ https://electyum.com/cdn/wpm/b5982071ew7ea472e3p69b68784m2150dfeam.js:0
[    2734ms] [VERBOSE] Rendering was performed in a subtree hidden by content-visibility. @ https://electyum.com/cdn/wpm/b5982071ew7ea472e3p69b68784m2150dfeam.js:0
[    2734ms] [VERBOSE] Rendering was performed in a subtree hidden by content-visibility. @ https://electyum.com/cdn/wpm/b5982071ew7ea472e3p69b68784m2150dfeam.js:0
[    2734ms] [VERBOSE] Rendering was performed in a subtree hidden by content-visibility. @ https://electyum.com/cdn/wpm/b5982071ew7ea472e3p69b68784m2150dfeam.js:0
[    2734ms] [VERBOSE] Rendering was performed in a subtree hidden by content-visibility. @ https://electyum.com/cdn/wpm/b5982071ew7ea472e3p69b68784m2150dfeam.js:0
[    2735ms] [VERBOSE] Rendering was performed in a subtree hidden by content-visibility. @ https://electyum.com/cdn/wpm/b5982071ew7ea472e3p69b68784m2150dfeam.js:0
[    2735ms] [VERBOSE] Rendering was performed in a subtree hidden by content-visibility. @ https://electyum.com/cdn/wpm/b5982071ew7ea472e3p69b68784m2150dfeam.js:0
[    2735ms] [VERBOSE] Rendering was performed in a subtree hidden by content-visibility. @ https://electyum.com/cdn/wpm/b5982071ew7ea472e3p69b68784m2150dfeam.js:0
[    2736ms] [VERBOSE] Rendering was performed in a subtree hidden by content-visibility. @ https://electyum.com/cdn/wpm/b5982071ew7ea472e3p69b68784m2150dfeam.js:0
[    2737ms] [VERBOSE] Rendering was performed in a subtree hidden by content-visibility. @ https://electyum.com/cdn/wpm/b5982071ew7ea472e3p69b68784m2150dfeam.js:0
[    2737ms] [VERBOSE] Rendering was performed in a subtree hidden by content-visibility. @ https://electyum.com/cdn/wpm/b5982071ew7ea472e3p69b68784m2150dfeam.js:0
[    2737ms] [VERBOSE] Rendering was performed in a subtree hidden by content-visibility. @ https://electyum.com/cdn/wpm/b5982071ew7ea472e3p69b68784m2150dfeam.js:0
[    2737ms] [VERBOSE] Rendering was performed in a subtree hidden by content-visibility. @ https://electyum.com/cdn/wpm/b5982071ew7ea472e3p69b68784m2150dfeam.js:0
[    2737ms] [VERBOSE] Rendering was performed in a subtree hidden by content-visibility. @ https://electyum.com/cdn/wpm/b5982071ew7ea472e3p69b68784m2150dfeam.js:0
[    2738ms] [VERBOSE] Rendering was performed in a subtree hidden by content-visibility. @ https://electyum.com/cdn/wpm/b5982071ew7ea472e3p69b68784m2150dfeam.js:0
[    2738ms] [VERBOSE] Rendering was performed in a subtree hidden by content-visibility. @ https://electyum.com/cdn/wpm/b5982071ew7ea472e3p69b68784m2150dfeam.js:0
[    2738ms] [VERBOSE] Rendering was performed in a subtree hidden by content-visibility. @ https://electyum.com/cdn/wpm/b5982071ew7ea472e3p69b68784m2150dfeam.js:0
[    2738ms] [VERBOSE] Rendering was performed in a subtree hidden by content-visibility. @ https://electyum.com/cdn/wpm/b5982071ew7ea472e3p69b68784m2150dfeam.js:0
[    2738ms] [VERBOSE] Rendering was performed in a subtree hidden by content-visibility. @ https://electyum.com/cdn/wpm/b5982071ew7ea472e3p69b68784m2150dfeam.js:0
[    4329ms] [VERBOSE] Rendering was performed in a subtree hidden by content-visibility. @ :3338
[    4330ms] [VERBOSE] Rendering was performed in a subtree hidden by content-visibility. @ :3338
[    4331ms] [VERBOSE] Rendering was performed in a subtree hidden by content-visibility. @ :3338
[    4331ms] [VERBOSE] Rendering was performed in a subtree hidden by content-visibility. @ :3338
[    4332ms] [VERBOSE] Rendering was performed in a subtree hidden by content-visibility. @ :3338
[    4333ms] [VERBOSE] Rendering was performed in a subtree hidden by content-visibility. @ :3338
[    4352ms] [VERBOSE] Rendering was performed in a subtree hidden by content-visibility. @ :3338
[    4353ms] [VERBOSE] Rendering was performed in a subtree hidden by content-visibility. @ :3338
[    4354ms] [VERBOSE] Rendering was performed in a subtree hidden by content-visibility. @ :3338
[    4354ms] [VERBOSE] Rendering was performed in a subtree hidden by content-visibility. @ :3338
[    4355ms] [VERBOSE] Rendering was performed in a subtree hidden by content-visibility. @ :3338
[    4356ms] [VERBOSE] Rendering was performed in a subtree hidden by content-visibility. @ :3338
[    4580ms] [LOG] [SeQura] deploymentTarget: byUri=sequra legacy=sequra fallbackInUse=false scriptUri=https://live.sequracdn.com/assets/sequra-checkout.min.js merchant=electyum assetKey=5mBpU2IZjf @ https://live.sequracdn.com/assets/sequra-checkout.min.js:0
[   13688ms] [VERBOSE] Rendering was performed in a subtree hidden by content-visibility. @ :3338
[   13688ms] [VERBOSE] Rendering was performed in a subtree hidden by content-visibility. @ :3338
[   13689ms] [VERBOSE] Rendering was performed in a subtree hidden by content-visibility. @ :3338
[   13690ms] [VERBOSE] Rendering was performed in a subtree hidden by content-visibility. @ :3338
[   13691ms] [VERBOSE] Rendering was performed in a subtree hidden by content-visibility. @ :3338
[   13692ms] [VERBOSE] Rendering was performed in a subtree hidden by content-visibility. @ :3338
[   13708ms] [VERBOSE] Rendering was performed in a subtree hidden by content-visibility. @ :3338
[   13710ms] [VERBOSE] Rendering was performed in a subtree hidden by content-visibility. @ :3338
[   13711ms] [VERBOSE] Rendering was performed in a subtree hidden by content-visibility. @ :3338
[   13713ms] [VERBOSE] Rendering was performed in a subtree hidden by content-visibility. @ :3338
[   13714ms] [VERBOSE] Rendering was performed in a subtree hidden by content-visibility. @ :3338
[   13715ms] [VERBOSE] Rendering was performed in a subtree hidden by content-visibility. @ :3338
