[    2207ms] [LOG] JQMIGRATE: Migrate is installed, version 3.4.1 @ https://patinetestore.com/wp-includes/js/jquery/jquery-migrate.min.js?ver=3.4.1:1
[    2266ms] [WARNING] Allow attribute will take precedence over 'allowfullscreen'. @ https://patinetestore.com/producto/patinete-electrico-kamikaze-k1-dgt/:6762
[    5692ms] [WARNING] [21:25:55.789] [WonderPush] [website] [sdk         ] userId requested before being initialized @ https://cdn.by.wonderpush.com/sdk/1.1.45.0/wonderpush.min.js:0
[    5693ms] [WARNING] [21:25:55.791] [WonderPush] [website] [sdk         ] userId requested before being initialized @ https://cdn.by.wonderpush.com/sdk/1.1.45.0/wonderpush.min.js:0
[    5693ms] [WARNING] [21:25:55.792] [WonderPush] [website] [sdk         ] userId requested before being initialized @ https://cdn.by.wonderpush.com/sdk/1.1.45.0/wonderpush.min.js:0
[    5694ms] [WARNING] [21:25:55.792] [WonderPush] [website] [sdk         ] userId requested before being initialized @ https://cdn.by.wonderpush.com/sdk/1.1.45.0/wonderpush.min.js:0
[    5694ms] [WARNING] [21:25:55.793] [WonderPush] [website] [sdk         ] userId requested before being initialized @ https://cdn.by.wonderpush.com/sdk/1.1.45.0/wonderpush.min.js:0
[    5695ms] [WARNING] [21:25:55.793] [WonderPush] [website] [sdk         ] userId requested before being initialized @ https://cdn.by.wonderpush.com/sdk/1.1.45.0/wonderpush.min.js:0
[    5726ms] [INFO] . @ https://sf16-website-login.neutral.tiktokcdn-eu.com/obj/tiktok_web_login_static_eu/webmssdk/1.0.0.328/webmssdk.js:0
[    5745ms] [WARNING] [21:25:55.843] [WonderPush] [website] [sdk         ] userId requested before being initialized @ https://cdn.by.wonderpush.com/sdk/1.1.45.0/wonderpush.min.js:0
[    5756ms] [WARNING] [21:25:55.854] [WonderPush] [website] [sdk         ] userId requested before being initialized @ https://cdn.by.wonderpush.com/sdk/1.1.45.0/wonderpush.min.js:0
[    5763ms] [WARNING] [21:25:55.861] [WonderPush] [website] [sdk         ] userId requested before being initialized @ https://cdn.by.wonderpush.com/sdk/1.1.45.0/wonderpush.min.js:0
[    5797ms] [INFO] . @ https://sf16-website-login.neutral.tiktokcdn-eu.com/obj/tiktok_web_login_static_eu/webmssdk/1.0.0.328/webmssdk.js:0
[    6593ms] [WARNING] You will need to pass in an @ies/starling_intl instance by using registerReactInstance @ https://sf16-website-login.neutral.tiktokcdn-eu.com/obj/tiktok_web_login_static_eu/tiktok_4d_playback/static/js/522.0610336094.js:4
[    6594ms] [WARNING] You will need to pass in an @ies/starling_intl instance by using registerReactInstance @ https://sf16-website-login.neutral.tiktokcdn-eu.com/obj/tiktok_web_login_static_eu/tiktok_4d_playback/static/js/522.0610336094.js:4
[    6672ms] [WARNING] You will need to pass in an @ies/starling_intl instance by using registerReactInstance @ https://sf16-website-login.neutral.tiktokcdn-eu.com/obj/tiktok_web_login_static_eu/tiktok_4d_playback/static/js/522.0610336094.js:4
[    6673ms] [WARNING] You will need to pass in an @ies/starling_intl instance by using registerReactInstance @ https://sf16-website-login.neutral.tiktokcdn-eu.com/obj/tiktok_web_login_static_eu/tiktok_4d_playback/static/js/522.0610336094.js:4
[   10375ms] [VERBOSE] Rendering was performed in a subtree hidden by content-visibility. @ :3338
[   16467ms] [WARNING] %c %s color: yellow; background-color: black; [instance: cookie_banner_tea_sdk] appid: 345918 get webid error, use local webid~ @ https://sf16-website-login.neutral.tiktokcdn-eu.com/obj/tiktok_web_login_static_eu/tiktok_4d_playback/static/js/522.0610336094.js:4
[   16474ms] [LOG] %c %s color: yellow; background-color: black; [instance: cookie_banner_tea_sdk] appid: 345918, userInfo:{"user_unique_id":"0121111715141115863","web_id":"0121111715141115863"} @ https://sf16-website-login.neutral.tiktokcdn-eu.com/obj/tiktok_web_login_static_eu/tiktok_4d_playback/static/js/522.0610336094.js:4
[   16474ms] [LOG] %c %s color: yellow; background-color: black; [instance: cookie_banner_tea_sdk] appid: 345918, sdk is ready, version is 5.3.15_oversea, you can report now !!! @ https://sf16-website-login.neutral.tiktokcdn-eu.com/obj/tiktok_web_login_static_eu/tiktok_4d_playback/static/js/522.0610336094.js:4
[   16476ms] [WARNING] %c %s color: yellow; background-color: black; [instance: cookie_banner_tea_sdk] appid: 345918 get webid error, use local webid~ @ https://sf16-website-login.neutral.tiktokcdn-eu.com/obj/tiktok_web_login_static_eu/tiktok_4d_playback/static/js/522.0610336094.js:4
[   16479ms] [LOG] %c %s color: yellow; background-color: black; [instance: cookie_banner_tea_sdk] appid: 345918, userInfo:{"user_unique_id":"1311413101314131313","web_id":"1311413101314131313"} @ https://sf16-website-login.neutral.tiktokcdn-eu.com/obj/tiktok_web_login_static_eu/tiktok_4d_playback/static/js/522.0610336094.js:4
[   16481ms] [LOG] %c %s color: yellow; background-color: black; [instance: cookie_banner_tea_sdk] appid: 345918, sdk is ready, version is 5.3.15_oversea, you can report now !!! @ https://sf16-website-login.neutral.tiktokcdn-eu.com/obj/tiktok_web_login_static_eu/tiktok_4d_playback/static/js/522.0610336094.js:4
[   16492ms] [WARNING] []Automatic fallback to software WebGL has been deprecated. Please use the --enable-unsafe-swiftshader flag to opt in to lower security guarantees for trusted content. @ https://www.tiktok.com/player/v1/7611248560457141526?autoplay=0&controls=1&description=0&music_info=0&fullscreen_button=1:0
[   16603ms] [WARNING] getRelatedApps failed InvalidStateError: Failed to execute 'getInstalledRelatedApps' on 'Navigator': getInstalledRelatedApps() is only supported in top-level browsing contexts.
    at o (https://sf16-website-login.neutral.tiktokcdn-eu.com/obj/tiktok_web_login_static_eu/tiktok_4d_playback/static/js/async/73.42e10e9fa3.js:2:18472)
    at o.next (<anonymous>)
    at https://sf16-website-login.neutral.tiktokcdn-eu.com/obj/tiktok_web_login_static_eu/tiktok_4d_playback/static/js/async/73.42e10e9fa3.js:2:18890
    at new Promise (<anonymous>)
    at https://sf16-website-login.neutral.tiktokcdn-eu.com/obj/tiktok_web_login_static_eu/tiktok_4d_playback/static/js/async/73.42e10e9fa3.js:2:18639
    at oU (https://sf16-website-login.neutral.tiktokcdn-eu.com/obj/tiktok_web_login_static_eu/tiktok_4d_playback/static/js/lib-react.b24368ee1a.js:2:87666)
    at uj (https://sf16-website-login.neutral.tiktokcdn-eu.com/obj/tiktok_web_login_static_eu/tiktok_4d_playback/static/js/lib-react.b24368ee1a.js:2:116657)
    at https://sf16-website-login.neutral.tiktokcdn-eu.com/obj/tiktok_web_login_static_eu/tiktok_4d_playback/static/js/lib-react.b24368ee1a.js:2:111232
    at x (https://sf16-website-login.neutral.tiktokcdn-eu.com/obj/tiktok_web_login_static_eu/tiktok_4d_playback/static/js/lib-react.b24368ee1a.js:2:140882)
    at T (https://sf16-website-login.neutral.tiktokcdn-eu.com/obj/tiktok_web_login_static_eu/tiktok_4d_playback/static/js/lib-react.b24368ee1a.js:2:141403) @ https://sf16-website-login.neutral.tiktokcdn-eu.com/obj/tiktok_web_login_static_eu/tiktok_4d_playback/static/js/async/73.42e10e9fa3.js:1
[   16696ms] [WARNING] getRelatedApps failed InvalidStateError: Failed to execute 'getInstalledRelatedApps' on 'Navigator': getInstalledRelatedApps() is only supported in top-level browsing contexts.
    at o (https://sf16-website-login.neutral.tiktokcdn-eu.com/obj/tiktok_web_login_static_eu/tiktok_4d_playback/static/js/async/73.42e10e9fa3.js:2:18472)
    at o.next (<anonymous>)
    at https://sf16-website-login.neutral.tiktokcdn-eu.com/obj/tiktok_web_login_static_eu/tiktok_4d_playback/static/js/async/73.42e10e9fa3.js:2:18890
    at new Promise (<anonymous>)
    at https://sf16-website-login.neutral.tiktokcdn-eu.com/obj/tiktok_web_login_static_eu/tiktok_4d_playback/static/js/async/73.42e10e9fa3.js:2:18639
    at oU (https://sf16-website-login.neutral.tiktokcdn-eu.com/obj/tiktok_web_login_static_eu/tiktok_4d_playback/static/js/lib-react.b24368ee1a.js:2:87666)
    at uj (https://sf16-website-login.neutral.tiktokcdn-eu.com/obj/tiktok_web_login_static_eu/tiktok_4d_playback/static/js/lib-react.b24368ee1a.js:2:116657)
    at https://sf16-website-login.neutral.tiktokcdn-eu.com/obj/tiktok_web_login_static_eu/tiktok_4d_playback/static/js/lib-react.b24368ee1a.js:2:111232
    at x (https://sf16-website-login.neutral.tiktokcdn-eu.com/obj/tiktok_web_login_static_eu/tiktok_4d_playback/static/js/lib-react.b24368ee1a.js:2:140882)
    at T (https://sf16-website-login.neutral.tiktokcdn-eu.com/obj/tiktok_web_login_static_eu/tiktok_4d_playback/static/js/lib-react.b24368ee1a.js:2:141403) @ https://sf16-website-login.neutral.tiktokcdn-eu.com/obj/tiktok_web_login_static_eu/tiktok_4d_playback/static/js/async/73.42e10e9fa3.js:1
[   25536ms] [WARNING] []Automatic fallback to software WebGL has been deprecated. Please use the --enable-unsafe-swiftshader flag to opt in to lower security guarantees for trusted content. @ https://www.tiktok.com/player/v1/7611248560457141526?autoplay=0&controls=1&description=0&music_info=0&fullscreen_button=1:0
[   25536ms] [WARNING] []Automatic fallback to software WebGL has been deprecated. Please use the --enable-unsafe-swiftshader flag to opt in to lower security guarantees for trusted content. @ https://www.tiktok.com/player/v1/7611248560457141526?autoplay=0&controls=1&description=0&music_info=0&fullscreen_button=1:0
[   25537ms] [WARNING] []Automatic fallback to software WebGL has been deprecated. Please use the --enable-unsafe-swiftshader flag to opt in to lower security guarantees for trusted content. @ https://www.tiktok.com/player/v1/7601122963345116418?autoplay=0&controls=1&description=0&music_info=0&fullscreen_button=1:0
[   25537ms] [WARNING] []Automatic fallback to software WebGL has been deprecated. Please use the --enable-unsafe-swiftshader flag to opt in to lower security guarantees for trusted content. @ https://www.tiktok.com/player/v1/7601122963345116418?autoplay=0&controls=1&description=0&music_info=0&fullscreen_button=1:0
[   25537ms] [WARNING] No available adapters. @ https://www.tiktok.com/player/v1/7611248560457141526?autoplay=0&controls=1&description=0&music_info=0&fullscreen_button=1:0
[   25666ms] [WARNING] No available adapters. @ https://www.tiktok.com/player/v1/7601122963345116418?autoplay=0&controls=1&description=0&music_info=0&fullscreen_button=1:0
[   29340ms] [WARNING] []Automatic fallback to software WebGL has been deprecated. Please use the --enable-unsafe-swiftshader flag to opt in to lower security guarantees for trusted content. @ https://www.tiktok.com/player/v1/7601122963345116418?autoplay=0&controls=1&description=0&music_info=0&fullscreen_button=1:0
[   29358ms] [WARNING] []Automatic fallback to software WebGL has been deprecated. Please use the --enable-unsafe-swiftshader flag to opt in to lower security guarantees for trusted content. @ https://www.tiktok.com/player/v1/7611248560457141526?autoplay=0&controls=1&description=0&music_info=0&fullscreen_button=1:0
[   29491ms] [WARNING] []Automatic fallback to software WebGL has been deprecated. Please use the --enable-unsafe-swiftshader flag to opt in to lower security guarantees for trusted content. @ https://www.tiktok.com/player/v1/7601122963345116418?autoplay=0&controls=1&description=0&music_info=0&fullscreen_button=1:0
[   30368ms] [WARNING] []Automatic fallback to software WebGL has been deprecated. Please use the --enable-unsafe-swiftshader flag to opt in to lower security guarantees for trusted content. @ https://www.tiktok.com/player/v1/7611248560457141526?autoplay=0&controls=1&description=0&music_info=0&fullscreen_button=1:0
