[     635ms] TypeError: Cannot read properties of undefined (reading 'offsetWidth')
    at Object.after (metaslider-flex-slider-js-after:203:64)
    at n.wrapup (https://navee.tech/wp-content/plugins/ml-slider/assets/sliders/flexslider/jquery.flexslider.min.js?ver=3.100.1:1:17455)
    at HTMLUListElement.<anonymous> (https://navee.tech/wp-content/plugins/ml-slider/assets/sliders/flexslider/jquery.flexslider.min.js?ver=3.100.1:1:16909)
    at HTMLUListElement.dispatch (https://navee.tech/wp-includes/js/jquery/jquery.min.js?ver=3.7.1:2:40035)
    at v.handle (https://navee.tech/wp-includes/js/jquery/jquery.min.js?ver=3.7.1:2:38006)
[    3654ms] TypeError: Cannot read properties of undefined (reading 'offsetWidth')
    at Object.after (metaslider-flex-slider-js-after:203:64)
    at n.wrapup (https://navee.tech/wp-content/plugins/ml-slider/assets/sliders/flexslider/jquery.flexslider.min.js?ver=3.100.1:1:17455)
    at HTMLUListElement.<anonymous> (https://navee.tech/wp-content/plugins/ml-slider/assets/sliders/flexslider/jquery.flexslider.min.js?ver=3.100.1:1:16909)
    at HTMLUListElement.dispatch (https://navee.tech/wp-includes/js/jquery/jquery.min.js?ver=3.7.1:2:40035)
    at v.handle (https://navee.tech/wp-includes/js/jquery/jquery.min.js?ver=3.7.1:2:38006)
[    6637ms] TypeError: Cannot read properties of undefined (reading 'offsetWidth')
    at Object.after (metaslider-flex-slider-js-after:203:64)
    at n.wrapup (https://navee.tech/wp-content/plugins/ml-slider/assets/sliders/flexslider/jquery.flexslider.min.js?ver=3.100.1:1:17455)
    at HTMLUListElement.<anonymous> (https://navee.tech/wp-content/plugins/ml-slider/assets/sliders/flexslider/jquery.flexslider.min.js?ver=3.100.1:1:16909)
    at HTMLUListElement.dispatch (https://navee.tech/wp-includes/js/jquery/jquery.min.js?ver=3.7.1:2:40035)
    at v.handle (https://navee.tech/wp-includes/js/jquery/jquery.min.js?ver=3.7.1:2:38006)
[    9653ms] TypeError: Cannot read properties of undefined (reading 'offsetWidth')
    at Object.after (metaslider-flex-slider-js-after:203:64)
    at n.wrapup (https://navee.tech/wp-content/plugins/ml-slider/assets/sliders/flexslider/jquery.flexslider.min.js?ver=3.100.1:1:17455)
    at HTMLUListElement.<anonymous> (https://navee.tech/wp-content/plugins/ml-slider/assets/sliders/flexslider/jquery.flexslider.min.js?ver=3.100.1:1:16909)
    at HTMLUListElement.dispatch (https://navee.tech/wp-includes/js/jquery/jquery.min.js?ver=3.7.1:2:40035)
    at v.handle (https://navee.tech/wp-includes/js/jquery/jquery.min.js?ver=3.7.1:2:38006)
[   12654ms] TypeError: Cannot read properties of undefined (reading 'offsetWidth')
    at Object.after (metaslider-flex-slider-js-after:203:64)
    at n.wrapup (https://navee.tech/wp-content/plugins/ml-slider/assets/sliders/flexslider/jquery.flexslider.min.js?ver=3.100.1:1:17455)
    at HTMLUListElement.<anonymous> (https://navee.tech/wp-content/plugins/ml-slider/assets/sliders/flexslider/jquery.flexslider.min.js?ver=3.100.1:1:16909)
    at HTMLUListElement.dispatch (https://navee.tech/wp-includes/js/jquery/jquery.min.js?ver=3.7.1:2:40035)
    at v.handle (https://navee.tech/wp-includes/js/jquery/jquery.min.js?ver=3.7.1:2:38006)
[   15633ms] TypeError: Cannot read properties of undefined (reading 'offsetWidth')
    at Object.after (metaslider-flex-slider-js-after:203:64)
    at n.wrapup (https://navee.tech/wp-content/plugins/ml-slider/assets/sliders/flexslider/jquery.flexslider.min.js?ver=3.100.1:1:17455)
    at HTMLUListElement.<anonymous> (https://navee.tech/wp-content/plugins/ml-slider/assets/sliders/flexslider/jquery.flexslider.min.js?ver=3.100.1:1:16909)
    at HTMLUListElement.dispatch (https://navee.tech/wp-includes/js/jquery/jquery.min.js?ver=3.7.1:2:40035)
    at v.handle (https://navee.tech/wp-includes/js/jquery/jquery.min.js?ver=3.7.1:2:38006)
[   18637ms] TypeError: Cannot read properties of undefined (reading 'offsetWidth')
    at Object.after (metaslider-flex-slider-js-after:203:64)
    at n.wrapup (https://navee.tech/wp-content/plugins/ml-slider/assets/sliders/flexslider/jquery.flexslider.min.js?ver=3.100.1:1:17455)
    at HTMLUListElement.<anonymous> (https://navee.tech/wp-content/plugins/ml-slider/assets/sliders/flexslider/jquery.flexslider.min.js?ver=3.100.1:1:16909)
    at HTMLUListElement.dispatch (https://navee.tech/wp-includes/js/jquery/jquery.min.js?ver=3.7.1:2:40035)
    at v.handle (https://navee.tech/wp-includes/js/jquery/jquery.min.js?ver=3.7.1:2:38006)
[   21652ms] TypeError: Cannot read properties of undefined (reading 'offsetWidth')
    at Object.after (metaslider-flex-slider-js-after:203:64)
    at n.wrapup (https://navee.tech/wp-content/plugins/ml-slider/assets/sliders/flexslider/jquery.flexslider.min.js?ver=3.100.1:1:17455)
    at HTMLUListElement.<anonymous> (https://navee.tech/wp-content/plugins/ml-slider/assets/sliders/flexslider/jquery.flexslider.min.js?ver=3.100.1:1:16909)
    at HTMLUListElement.dispatch (https://navee.tech/wp-includes/js/jquery/jquery.min.js?ver=3.7.1:2:40035)
    at v.handle (https://navee.tech/wp-includes/js/jquery/jquery.min.js?ver=3.7.1:2:38006)
[   24651ms] TypeError: Cannot read properties of undefined (reading 'offsetWidth')
    at Object.after (metaslider-flex-slider-js-after:203:64)
    at n.wrapup (https://navee.tech/wp-content/plugins/ml-slider/assets/sliders/flexslider/jquery.flexslider.min.js?ver=3.100.1:1:17455)
    at HTMLUListElement.<anonymous> (https://navee.tech/wp-content/plugins/ml-slider/assets/sliders/flexslider/jquery.flexslider.min.js?ver=3.100.1:1:16909)
    at HTMLUListElement.dispatch (https://navee.tech/wp-includes/js/jquery/jquery.min.js?ver=3.7.1:2:40035)
    at v.handle (https://navee.tech/wp-includes/js/jquery/jquery.min.js?ver=3.7.1:2:38006)
[   27653ms] TypeError: Cannot read properties of undefined (reading 'offsetWidth')
    at Object.after (metaslider-flex-slider-js-after:203:64)
    at n.wrapup (https://navee.tech/wp-content/plugins/ml-slider/assets/sliders/flexslider/jquery.flexslider.min.js?ver=3.100.1:1:17455)
    at HTMLUListElement.<anonymous> (https://navee.tech/wp-content/plugins/ml-slider/assets/sliders/flexslider/jquery.flexslider.min.js?ver=3.100.1:1:16909)
    at HTMLUListElement.dispatch (https://navee.tech/wp-includes/js/jquery/jquery.min.js?ver=3.7.1:2:40035)
    at v.handle (https://navee.tech/wp-includes/js/jquery/jquery.min.js?ver=3.7.1:2:38006)
[   30638ms] TypeError: Cannot read properties of undefined (reading 'offsetWidth')
    at Object.after (metaslider-flex-slider-js-after:203:64)
    at n.wrapup (https://navee.tech/wp-content/plugins/ml-slider/assets/sliders/flexslider/jquery.flexslider.min.js?ver=3.100.1:1:17455)
    at HTMLUListElement.<anonymous> (https://navee.tech/wp-content/plugins/ml-slider/assets/sliders/flexslider/jquery.flexslider.min.js?ver=3.100.1:1:16909)
    at HTMLUListElement.dispatch (https://navee.tech/wp-includes/js/jquery/jquery.min.js?ver=3.7.1:2:40035)
    at v.handle (https://navee.tech/wp-includes/js/jquery/jquery.min.js?ver=3.7.1:2:38006)
[   33633ms] TypeError: Cannot read properties of undefined (reading 'offsetWidth')
    at Object.after (metaslider-flex-slider-js-after:203:64)
    at n.wrapup (https://navee.tech/wp-content/plugins/ml-slider/assets/sliders/flexslider/jquery.flexslider.min.js?ver=3.100.1:1:17455)
    at HTMLUListElement.<anonymous> (https://navee.tech/wp-content/plugins/ml-slider/assets/sliders/flexslider/jquery.flexslider.min.js?ver=3.100.1:1:16909)
    at HTMLUListElement.dispatch (https://navee.tech/wp-includes/js/jquery/jquery.min.js?ver=3.7.1:2:40035)
    at v.handle (https://navee.tech/wp-includes/js/jquery/jquery.min.js?ver=3.7.1:2:38006)
[   36635ms] TypeError: Cannot read properties of undefined (reading 'offsetWidth')
    at Object.after (metaslider-flex-slider-js-after:203:64)
    at n.wrapup (https://navee.tech/wp-content/plugins/ml-slider/assets/sliders/flexslider/jquery.flexslider.min.js?ver=3.100.1:1:17455)
    at HTMLUListElement.<anonymous> (https://navee.tech/wp-content/plugins/ml-slider/assets/sliders/flexslider/jquery.flexslider.min.js?ver=3.100.1:1:16909)
    at HTMLUListElement.dispatch (https://navee.tech/wp-includes/js/jquery/jquery.min.js?ver=3.7.1:2:40035)
    at v.handle (https://navee.tech/wp-includes/js/jquery/jquery.min.js?ver=3.7.1:2:38006)
[   39650ms] TypeError: Cannot read properties of undefined (reading 'offsetWidth')
    at Object.after (metaslider-flex-slider-js-after:203:64)
    at n.wrapup (https://navee.tech/wp-content/plugins/ml-slider/assets/sliders/flexslider/jquery.flexslider.min.js?ver=3.100.1:1:17455)
    at HTMLUListElement.<anonymous> (https://navee.tech/wp-content/plugins/ml-slider/assets/sliders/flexslider/jquery.flexslider.min.js?ver=3.100.1:1:16909)
    at HTMLUListElement.dispatch (https://navee.tech/wp-includes/js/jquery/jquery.min.js?ver=3.7.1:2:40035)
    at v.handle (https://navee.tech/wp-includes/js/jquery/jquery.min.js?ver=3.7.1:2:38006)
[   42651ms] TypeError: Cannot read properties of undefined (reading 'offsetWidth')
    at Object.after (metaslider-flex-slider-js-after:203:64)
    at n.wrapup (https://navee.tech/wp-content/plugins/ml-slider/assets/sliders/flexslider/jquery.flexslider.min.js?ver=3.100.1:1:17455)
    at HTMLUListElement.<anonymous> (https://navee.tech/wp-content/plugins/ml-slider/assets/sliders/flexslider/jquery.flexslider.min.js?ver=3.100.1:1:16909)
    at HTMLUListElement.dispatch (https://navee.tech/wp-includes/js/jquery/jquery.min.js?ver=3.7.1:2:40035)
    at v.handle (https://navee.tech/wp-includes/js/jquery/jquery.min.js?ver=3.7.1:2:38006)
[   45650ms] TypeError: Cannot read properties of undefined (reading 'offsetWidth')
    at Object.after (metaslider-flex-slider-js-after:203:64)
    at n.wrapup (https://navee.tech/wp-content/plugins/ml-slider/assets/sliders/flexslider/jquery.flexslider.min.js?ver=3.100.1:1:17455)
    at HTMLUListElement.<anonymous> (https://navee.tech/wp-content/plugins/ml-slider/assets/sliders/flexslider/jquery.flexslider.min.js?ver=3.100.1:1:16909)
    at HTMLUListElement.dispatch (https://navee.tech/wp-includes/js/jquery/jquery.min.js?ver=3.7.1:2:40035)
    at v.handle (https://navee.tech/wp-includes/js/jquery/jquery.min.js?ver=3.7.1:2:38006)
[   48636ms] TypeError: Cannot read properties of undefined (reading 'offsetWidth')
    at Object.after (metaslider-flex-slider-js-after:203:64)
    at n.wrapup (https://navee.tech/wp-content/plugins/ml-slider/assets/sliders/flexslider/jquery.flexslider.min.js?ver=3.100.1:1:17455)
    at HTMLUListElement.<anonymous> (https://navee.tech/wp-content/plugins/ml-slider/assets/sliders/flexslider/jquery.flexslider.min.js?ver=3.100.1:1:16909)
    at HTMLUListElement.dispatch (https://navee.tech/wp-includes/js/jquery/jquery.min.js?ver=3.7.1:2:40035)
    at v.handle (https://navee.tech/wp-includes/js/jquery/jquery.min.js?ver=3.7.1:2:38006)
[   51652ms] TypeError: Cannot read properties of undefined (reading 'offsetWidth')
    at Object.after (metaslider-flex-slider-js-after:203:64)
    at n.wrapup (https://navee.tech/wp-content/plugins/ml-slider/assets/sliders/flexslider/jquery.flexslider.min.js?ver=3.100.1:1:17455)
    at HTMLUListElement.<anonymous> (https://navee.tech/wp-content/plugins/ml-slider/assets/sliders/flexslider/jquery.flexslider.min.js?ver=3.100.1:1:16909)
    at HTMLUListElement.dispatch (https://navee.tech/wp-includes/js/jquery/jquery.min.js?ver=3.7.1:2:40035)
    at v.handle (https://navee.tech/wp-includes/js/jquery/jquery.min.js?ver=3.7.1:2:38006)
[   54651ms] TypeError: Cannot read properties of undefined (reading 'offsetWidth')
    at Object.after (metaslider-flex-slider-js-after:203:64)
    at n.wrapup (https://navee.tech/wp-content/plugins/ml-slider/assets/sliders/flexslider/jquery.flexslider.min.js?ver=3.100.1:1:17455)
    at HTMLUListElement.<anonymous> (https://navee.tech/wp-content/plugins/ml-slider/assets/sliders/flexslider/jquery.flexslider.min.js?ver=3.100.1:1:16909)
    at HTMLUListElement.dispatch (https://navee.tech/wp-includes/js/jquery/jquery.min.js?ver=3.7.1:2:40035)
    at v.handle (https://navee.tech/wp-includes/js/jquery/jquery.min.js?ver=3.7.1:2:38006)
[   57657ms] TypeError: Cannot read properties of undefined (reading 'offsetWidth')
    at Object.after (metaslider-flex-slider-js-after:203:64)
    at n.wrapup (https://navee.tech/wp-content/plugins/ml-slider/assets/sliders/flexslider/jquery.flexslider.min.js?ver=3.100.1:1:17455)
    at HTMLUListElement.<anonymous> (https://navee.tech/wp-content/plugins/ml-slider/assets/sliders/flexslider/jquery.flexslider.min.js?ver=3.100.1:1:16909)
    at HTMLUListElement.dispatch (https://navee.tech/wp-includes/js/jquery/jquery.min.js?ver=3.7.1:2:40035)
    at v.handle (https://navee.tech/wp-includes/js/jquery/jquery.min.js?ver=3.7.1:2:38006)
[   60652ms] TypeError: Cannot read properties of undefined (reading 'offsetWidth')
    at Object.after (metaslider-flex-slider-js-after:203:64)
    at n.wrapup (https://navee.tech/wp-content/plugins/ml-slider/assets/sliders/flexslider/jquery.flexslider.min.js?ver=3.100.1:1:17455)
    at HTMLUListElement.<anonymous> (https://navee.tech/wp-content/plugins/ml-slider/assets/sliders/flexslider/jquery.flexslider.min.js?ver=3.100.1:1:16909)
    at HTMLUListElement.dispatch (https://navee.tech/wp-includes/js/jquery/jquery.min.js?ver=3.7.1:2:40035)
    at v.handle (https://navee.tech/wp-includes/js/jquery/jquery.min.js?ver=3.7.1:2:38006)
[   63650ms] TypeError: Cannot read properties of undefined (reading 'offsetWidth')
    at Object.after (metaslider-flex-slider-js-after:203:64)
    at n.wrapup (https://navee.tech/wp-content/plugins/ml-slider/assets/sliders/flexslider/jquery.flexslider.min.js?ver=3.100.1:1:17455)
    at HTMLUListElement.<anonymous> (https://navee.tech/wp-content/plugins/ml-slider/assets/sliders/flexslider/jquery.flexslider.min.js?ver=3.100.1:1:16909)
    at HTMLUListElement.dispatch (https://navee.tech/wp-includes/js/jquery/jquery.min.js?ver=3.7.1:2:40035)
    at v.handle (https://navee.tech/wp-includes/js/jquery/jquery.min.js?ver=3.7.1:2:38006)
[   66633ms] TypeError: Cannot read properties of undefined (reading 'offsetWidth')
    at Object.after (metaslider-flex-slider-js-after:203:64)
    at n.wrapup (https://navee.tech/wp-content/plugins/ml-slider/assets/sliders/flexslider/jquery.flexslider.min.js?ver=3.100.1:1:17455)
    at HTMLUListElement.<anonymous> (https://navee.tech/wp-content/plugins/ml-slider/assets/sliders/flexslider/jquery.flexslider.min.js?ver=3.100.1:1:16909)
    at HTMLUListElement.dispatch (https://navee.tech/wp-includes/js/jquery/jquery.min.js?ver=3.7.1:2:40035)
    at v.handle (https://navee.tech/wp-includes/js/jquery/jquery.min.js?ver=3.7.1:2:38006)
[   69652ms] TypeError: Cannot read properties of undefined (reading 'offsetWidth')
    at Object.after (metaslider-flex-slider-js-after:203:64)
    at n.wrapup (https://navee.tech/wp-content/plugins/ml-slider/assets/sliders/flexslider/jquery.flexslider.min.js?ver=3.100.1:1:17455)
    at HTMLUListElement.<anonymous> (https://navee.tech/wp-content/plugins/ml-slider/assets/sliders/flexslider/jquery.flexslider.min.js?ver=3.100.1:1:16909)
    at HTMLUListElement.dispatch (https://navee.tech/wp-includes/js/jquery/jquery.min.js?ver=3.7.1:2:40035)
    at v.handle (https://navee.tech/wp-includes/js/jquery/jquery.min.js?ver=3.7.1:2:38006)
[   72651ms] TypeError: Cannot read properties of undefined (reading 'offsetWidth')
    at Object.after (metaslider-flex-slider-js-after:203:64)
    at n.wrapup (https://navee.tech/wp-content/plugins/ml-slider/assets/sliders/flexslider/jquery.flexslider.min.js?ver=3.100.1:1:17455)
    at HTMLUListElement.<anonymous> (https://navee.tech/wp-content/plugins/ml-slider/assets/sliders/flexslider/jquery.flexslider.min.js?ver=3.100.1:1:16909)
    at HTMLUListElement.dispatch (https://navee.tech/wp-includes/js/jquery/jquery.min.js?ver=3.7.1:2:40035)
    at v.handle (https://navee.tech/wp-includes/js/jquery/jquery.min.js?ver=3.7.1:2:38006)
[   75632ms] TypeError: Cannot read properties of undefined (reading 'offsetWidth')
    at Object.after (metaslider-flex-slider-js-after:203:64)
    at n.wrapup (https://navee.tech/wp-content/plugins/ml-slider/assets/sliders/flexslider/jquery.flexslider.min.js?ver=3.100.1:1:17455)
    at HTMLUListElement.<anonymous> (https://navee.tech/wp-content/plugins/ml-slider/assets/sliders/flexslider/jquery.flexslider.min.js?ver=3.100.1:1:16909)
    at HTMLUListElement.dispatch (https://navee.tech/wp-includes/js/jquery/jquery.min.js?ver=3.7.1:2:40035)
    at v.handle (https://navee.tech/wp-includes/js/jquery/jquery.min.js?ver=3.7.1:2:38006)
[   78653ms] TypeError: Cannot read properties of undefined (reading 'offsetWidth')
    at Object.after (metaslider-flex-slider-js-after:203:64)
    at n.wrapup (https://navee.tech/wp-content/plugins/ml-slider/assets/sliders/flexslider/jquery.flexslider.min.js?ver=3.100.1:1:17455)
    at HTMLUListElement.<anonymous> (https://navee.tech/wp-content/plugins/ml-slider/assets/sliders/flexslider/jquery.flexslider.min.js?ver=3.100.1:1:16909)
    at HTMLUListElement.dispatch (https://navee.tech/wp-includes/js/jquery/jquery.min.js?ver=3.7.1:2:40035)
    at v.handle (https://navee.tech/wp-includes/js/jquery/jquery.min.js?ver=3.7.1:2:38006)
[   81653ms] TypeError: Cannot read properties of undefined (reading 'offsetWidth')
    at Object.after (metaslider-flex-slider-js-after:203:64)
    at n.wrapup (https://navee.tech/wp-content/plugins/ml-slider/assets/sliders/flexslider/jquery.flexslider.min.js?ver=3.100.1:1:17455)
    at HTMLUListElement.<anonymous> (https://navee.tech/wp-content/plugins/ml-slider/assets/sliders/flexslider/jquery.flexslider.min.js?ver=3.100.1:1:16909)
    at HTMLUListElement.dispatch (https://navee.tech/wp-includes/js/jquery/jquery.min.js?ver=3.7.1:2:40035)
    at v.handle (https://navee.tech/wp-includes/js/jquery/jquery.min.js?ver=3.7.1:2:38006)
[   84655ms] TypeError: Cannot read properties of undefined (reading 'offsetWidth')
    at Object.after (metaslider-flex-slider-js-after:203:64)
    at n.wrapup (https://navee.tech/wp-content/plugins/ml-slider/assets/sliders/flexslider/jquery.flexslider.min.js?ver=3.100.1:1:17455)
    at HTMLUListElement.<anonymous> (https://navee.tech/wp-content/plugins/ml-slider/assets/sliders/flexslider/jquery.flexslider.min.js?ver=3.100.1:1:16909)
    at HTMLUListElement.dispatch (https://navee.tech/wp-includes/js/jquery/jquery.min.js?ver=3.7.1:2:40035)
    at v.handle (https://navee.tech/wp-includes/js/jquery/jquery.min.js?ver=3.7.1:2:38006)
[   87648ms] TypeError: Cannot read properties of undefined (reading 'offsetWidth')
    at Object.after (metaslider-flex-slider-js-after:203:64)
    at n.wrapup (https://navee.tech/wp-content/plugins/ml-slider/assets/sliders/flexslider/jquery.flexslider.min.js?ver=3.100.1:1:17455)
    at HTMLUListElement.<anonymous> (https://navee.tech/wp-content/plugins/ml-slider/assets/sliders/flexslider/jquery.flexslider.min.js?ver=3.100.1:1:16909)
    at HTMLUListElement.dispatch (https://navee.tech/wp-includes/js/jquery/jquery.min.js?ver=3.7.1:2:40035)
    at v.handle (https://navee.tech/wp-includes/js/jquery/jquery.min.js?ver=3.7.1:2:38006)
[   90649ms] TypeError: Cannot read properties of undefined (reading 'offsetWidth')
    at Object.after (metaslider-flex-slider-js-after:203:64)
    at n.wrapup (https://navee.tech/wp-content/plugins/ml-slider/assets/sliders/flexslider/jquery.flexslider.min.js?ver=3.100.1:1:17455)
    at HTMLUListElement.<anonymous> (https://navee.tech/wp-content/plugins/ml-slider/assets/sliders/flexslider/jquery.flexslider.min.js?ver=3.100.1:1:16909)
    at HTMLUListElement.dispatch (https://navee.tech/wp-includes/js/jquery/jquery.min.js?ver=3.7.1:2:40035)
    at v.handle (https://navee.tech/wp-includes/js/jquery/jquery.min.js?ver=3.7.1:2:38006)
[   93653ms] TypeError: Cannot read properties of undefined (reading 'offsetWidth')
    at Object.after (metaslider-flex-slider-js-after:203:64)
    at n.wrapup (https://navee.tech/wp-content/plugins/ml-slider/assets/sliders/flexslider/jquery.flexslider.min.js?ver=3.100.1:1:17455)
    at HTMLUListElement.<anonymous> (https://navee.tech/wp-content/plugins/ml-slider/assets/sliders/flexslider/jquery.flexslider.min.js?ver=3.100.1:1:16909)
    at HTMLUListElement.dispatch (https://navee.tech/wp-includes/js/jquery/jquery.min.js?ver=3.7.1:2:40035)
    at v.handle (https://navee.tech/wp-includes/js/jquery/jquery.min.js?ver=3.7.1:2:38006)
[   96631ms] TypeError: Cannot read properties of undefined (reading 'offsetWidth')
    at Object.after (metaslider-flex-slider-js-after:203:64)
    at n.wrapup (https://navee.tech/wp-content/plugins/ml-slider/assets/sliders/flexslider/jquery.flexslider.min.js?ver=3.100.1:1:17455)
    at HTMLUListElement.<anonymous> (https://navee.tech/wp-content/plugins/ml-slider/assets/sliders/flexslider/jquery.flexslider.min.js?ver=3.100.1:1:16909)
    at HTMLUListElement.dispatch (https://navee.tech/wp-includes/js/jquery/jquery.min.js?ver=3.7.1:2:40035)
    at v.handle (https://navee.tech/wp-includes/js/jquery/jquery.min.js?ver=3.7.1:2:38006)
[   99652ms] TypeError: Cannot read properties of undefined (reading 'offsetWidth')
    at Object.after (metaslider-flex-slider-js-after:203:64)
    at n.wrapup (https://navee.tech/wp-content/plugins/ml-slider/assets/sliders/flexslider/jquery.flexslider.min.js?ver=3.100.1:1:17455)
    at HTMLUListElement.<anonymous> (https://navee.tech/wp-content/plugins/ml-slider/assets/sliders/flexslider/jquery.flexslider.min.js?ver=3.100.1:1:16909)
    at HTMLUListElement.dispatch (https://navee.tech/wp-includes/js/jquery/jquery.min.js?ver=3.7.1:2:40035)
    at v.handle (https://navee.tech/wp-includes/js/jquery/jquery.min.js?ver=3.7.1:2:38006)
[  102649ms] TypeError: Cannot read properties of undefined (reading 'offsetWidth')
    at Object.after (metaslider-flex-slider-js-after:203:64)
    at n.wrapup (https://navee.tech/wp-content/plugins/ml-slider/assets/sliders/flexslider/jquery.flexslider.min.js?ver=3.100.1:1:17455)
    at HTMLUListElement.<anonymous> (https://navee.tech/wp-content/plugins/ml-slider/assets/sliders/flexslider/jquery.flexslider.min.js?ver=3.100.1:1:16909)
    at HTMLUListElement.dispatch (https://navee.tech/wp-includes/js/jquery/jquery.min.js?ver=3.7.1:2:40035)
    at v.handle (https://navee.tech/wp-includes/js/jquery/jquery.min.js?ver=3.7.1:2:38006)
[  105646ms] TypeError: Cannot read properties of undefined (reading 'offsetWidth')
    at Object.after (metaslider-flex-slider-js-after:203:64)
    at n.wrapup (https://navee.tech/wp-content/plugins/ml-slider/assets/sliders/flexslider/jquery.flexslider.min.js?ver=3.100.1:1:17455)
    at HTMLUListElement.<anonymous> (https://navee.tech/wp-content/plugins/ml-slider/assets/sliders/flexslider/jquery.flexslider.min.js?ver=3.100.1:1:16909)
    at HTMLUListElement.dispatch (https://navee.tech/wp-includes/js/jquery/jquery.min.js?ver=3.7.1:2:40035)
    at v.handle (https://navee.tech/wp-includes/js/jquery/jquery.min.js?ver=3.7.1:2:38006)
[  108633ms] TypeError: Cannot read properties of undefined (reading 'offsetWidth')
    at Object.after (metaslider-flex-slider-js-after:203:64)
    at n.wrapup (https://navee.tech/wp-content/plugins/ml-slider/assets/sliders/flexslider/jquery.flexslider.min.js?ver=3.100.1:1:17455)
    at HTMLUListElement.<anonymous> (https://navee.tech/wp-content/plugins/ml-slider/assets/sliders/flexslider/jquery.flexslider.min.js?ver=3.100.1:1:16909)
    at HTMLUListElement.dispatch (https://navee.tech/wp-includes/js/jquery/jquery.min.js?ver=3.7.1:2:40035)
    at v.handle (https://navee.tech/wp-includes/js/jquery/jquery.min.js?ver=3.7.1:2:38006)
[  111672ms] TypeError: Cannot read properties of undefined (reading 'offsetWidth')
    at Object.after (metaslider-flex-slider-js-after:203:64)
    at n.wrapup (https://navee.tech/wp-content/plugins/ml-slider/assets/sliders/flexslider/jquery.flexslider.min.js?ver=3.100.1:1:17455)
    at HTMLUListElement.<anonymous> (https://navee.tech/wp-content/plugins/ml-slider/assets/sliders/flexslider/jquery.flexslider.min.js?ver=3.100.1:1:16909)
    at HTMLUListElement.dispatch (https://navee.tech/wp-includes/js/jquery/jquery.min.js?ver=3.7.1:2:40035)
    at v.handle (https://navee.tech/wp-includes/js/jquery/jquery.min.js?ver=3.7.1:2:38006)
[  114651ms] TypeError: Cannot read properties of undefined (reading 'offsetWidth')
    at Object.after (metaslider-flex-slider-js-after:203:64)
    at n.wrapup (https://navee.tech/wp-content/plugins/ml-slider/assets/sliders/flexslider/jquery.flexslider.min.js?ver=3.100.1:1:17455)
    at HTMLUListElement.<anonymous> (https://navee.tech/wp-content/plugins/ml-slider/assets/sliders/flexslider/jquery.flexslider.min.js?ver=3.100.1:1:16909)
    at HTMLUListElement.dispatch (https://navee.tech/wp-includes/js/jquery/jquery.min.js?ver=3.7.1:2:40035)
    at v.handle (https://navee.tech/wp-includes/js/jquery/jquery.min.js?ver=3.7.1:2:38006)
[  117650ms] TypeError: Cannot read properties of undefined (reading 'offsetWidth')
    at Object.after (metaslider-flex-slider-js-after:203:64)
    at n.wrapup (https://navee.tech/wp-content/plugins/ml-slider/assets/sliders/flexslider/jquery.flexslider.min.js?ver=3.100.1:1:17455)
    at HTMLUListElement.<anonymous> (https://navee.tech/wp-content/plugins/ml-slider/assets/sliders/flexslider/jquery.flexslider.min.js?ver=3.100.1:1:16909)
    at HTMLUListElement.dispatch (https://navee.tech/wp-includes/js/jquery/jquery.min.js?ver=3.7.1:2:40035)
    at v.handle (https://navee.tech/wp-includes/js/jquery/jquery.min.js?ver=3.7.1:2:38006)
[  120649ms] TypeError: Cannot read properties of undefined (reading 'offsetWidth')
    at Object.after (metaslider-flex-slider-js-after:203:64)
    at n.wrapup (https://navee.tech/wp-content/plugins/ml-slider/assets/sliders/flexslider/jquery.flexslider.min.js?ver=3.100.1:1:17455)
    at HTMLUListElement.<anonymous> (https://navee.tech/wp-content/plugins/ml-slider/assets/sliders/flexslider/jquery.flexslider.min.js?ver=3.100.1:1:16909)
    at HTMLUListElement.dispatch (https://navee.tech/wp-includes/js/jquery/jquery.min.js?ver=3.7.1:2:40035)
    at v.handle (https://navee.tech/wp-includes/js/jquery/jquery.min.js?ver=3.7.1:2:38006)
[  123630ms] TypeError: Cannot read properties of undefined (reading 'offsetWidth')
    at Object.after (metaslider-flex-slider-js-after:203:64)
    at n.wrapup (https://navee.tech/wp-content/plugins/ml-slider/assets/sliders/flexslider/jquery.flexslider.min.js?ver=3.100.1:1:17455)
    at HTMLUListElement.<anonymous> (https://navee.tech/wp-content/plugins/ml-slider/assets/sliders/flexslider/jquery.flexslider.min.js?ver=3.100.1:1:16909)
    at HTMLUListElement.dispatch (https://navee.tech/wp-includes/js/jquery/jquery.min.js?ver=3.7.1:2:40035)
    at v.handle (https://navee.tech/wp-includes/js/jquery/jquery.min.js?ver=3.7.1:2:38006)
[  126631ms] TypeError: Cannot read properties of undefined (reading 'offsetWidth')
    at Object.after (metaslider-flex-slider-js-after:203:64)
    at n.wrapup (https://navee.tech/wp-content/plugins/ml-slider/assets/sliders/flexslider/jquery.flexslider.min.js?ver=3.100.1:1:17455)
    at HTMLUListElement.<anonymous> (https://navee.tech/wp-content/plugins/ml-slider/assets/sliders/flexslider/jquery.flexslider.min.js?ver=3.100.1:1:16909)
    at HTMLUListElement.dispatch (https://navee.tech/wp-includes/js/jquery/jquery.min.js?ver=3.7.1:2:40035)
    at v.handle (https://navee.tech/wp-includes/js/jquery/jquery.min.js?ver=3.7.1:2:38006)
[  129652ms] TypeError: Cannot read properties of undefined (reading 'offsetWidth')
    at Object.after (metaslider-flex-slider-js-after:203:64)
    at n.wrapup (https://navee.tech/wp-content/plugins/ml-slider/assets/sliders/flexslider/jquery.flexslider.min.js?ver=3.100.1:1:17455)
    at HTMLUListElement.<anonymous> (https://navee.tech/wp-content/plugins/ml-slider/assets/sliders/flexslider/jquery.flexslider.min.js?ver=3.100.1:1:16909)
    at HTMLUListElement.dispatch (https://navee.tech/wp-includes/js/jquery/jquery.min.js?ver=3.7.1:2:40035)
    at v.handle (https://navee.tech/wp-includes/js/jquery/jquery.min.js?ver=3.7.1:2:38006)
