[    1178ms] [LOG] %c%s: %s color:#ff6700 @mi/i18n-onetrack-web-sdk 1.5.6 @ https://browser.sentry-cdn.com/7.64.0/bundle.tracing.min.js:1
[    1816ms] [ERROR] Access to fetch at 'https://alisgp-sentry.d.xiaomi.net/api/4/envelope/?sentry_key=3af74c2d5d8b493f93abc405cb83371a&sentry_version=7&sentry_client=sentry.javascript.browser%2F7.64.0' from origin 'https://www.mi.com' has been blocked by CORS policy: No 'Access-Control-Allow-Origin' header is present on the requested resource. @ https://www.mi.com/es/product/xiaomi-electric-scooter-4-lite-2nd-gen/specs/:0
[    1817ms] [ERROR] Failed to load resource: net::ERR_FAILED @ https://alisgp-sentry.d.xiaomi.net/api/4/envelope/?sentry_key=3af74c2d5d8b493f93abc405cb83371a&sentry_version=7&sentry_client=sentry.javascript.browser%2F7.64.0:0
[    2318ms] [LOG] %c%s color:#ff6700 
   MMMMMMMMMMMMMMMMMm     IIII
   MMMMMMMMMMMMMMMMMMMm   IIII
   MMMM           mMMMM   IIII
   MMMM    MMMM    MMMM   IIII
   MMMM    MMMM    MMMM   IIII
   MMMM    MMMM    MMMM   IIII
   MMMM    MMMM    MMMM   IIII
   MMMM    MMMM    MMMM   IIII
   MMMM    MMMM    MMMM   IIII
 
   v2.66.0@1773910433036
  @ https://browser.sentry-cdn.com/7.64.0/bundle.tracing.min.js:1
[    2384ms] [LOG] {components: Object, platform: pc, isSSR: false, onlyShowFootnote: false, navigation: Array(0)} footerData @ https://browser.sentry-cdn.com/7.64.0/bundle.tracing.min.js:1
[    2387ms] [LOG] https://www.mi.com/sgp/spps_files/i18n/scripts/shared-footer/pro/1.0.9/remoteEntry.js script.src @ https://browser.sentry-cdn.com/7.64.0/bundle.tracing.min.js:1
[    2432ms] [LOG] {offsetHeight: 17} @ https://browser.sentry-cdn.com/7.64.0/bundle.tracing.min.js:1
[    2479ms] [LOG] {components: Object, platform: pc, isSSR: false, onlyShowFootnote: false, navigation: Array(0)} footerData @ https://browser.sentry-cdn.com/7.64.0/bundle.tracing.min.js:1
[    2550ms] [LOG] {components: Object, platform: pc, isSSR: false, onlyShowFootnote: false, navigation: Array(0)} footerData @ https://browser.sentry-cdn.com/7.64.0/bundle.tracing.min.js:1
[    2777ms] [LOG] {components: Object, platform: pc, isSSR: false, onlyShowFootnote: false, navigation: Array(4)} footerData @ https://browser.sentry-cdn.com/7.64.0/bundle.tracing.min.js:1
[    2806ms] [LOG] {offsetHeight: 17} @ https://browser.sentry-cdn.com/7.64.0/bundle.tracing.min.js:1
[    2824ms] [LOG] 已加载联邦模块 SharedFooter @ https://browser.sentry-cdn.com/7.64.0/bundle.tracing.min.js:1
[    3031ms] [LOG] 已加载联邦模块 SharedHeader @ https://browser.sentry-cdn.com/7.64.0/bundle.tracing.min.js:1
[    5210ms] [WARNING] data-customization-callback attribute not found in the script. Learn more: https://learn.microsoft.com/en-us/dynamics365/customer-service/develop/develop-live-chat-widget @ https://browser.sentry-cdn.com/7.64.0/bundle.tracing.min.js:1
[    5212ms] [WARNING] data-customization-callback attribute not found in the script. Learn more: https://learn.microsoft.com/en-us/dynamics365/customer-service/develop/develop-live-chat-widget @ https://browser.sentry-cdn.com/7.64.0/bundle.tracing.min.js:1
[    6339ms] [WARNING] Start Chat button hidden due to data-hide-chat-button: true. See SDK methods to start chat and subscribe to widget state: https://learn.microsoft.com/en-us/dynamics365/customer-service/develop/omnichannel-reference @ https://oc-cdn-public-eur.azureedge.net/livechatwidget/v2scripts/widget.js:1
[    6368ms] [WARNING] botframework-webchat: "styleOptions.bubbleImageHeight" has been deprecated. Use "styleOptions.bubbleImageMaxHeight" and "styleOptions.bubbleImageMinHeight" instead. This deprecation migration will be removed on or after 2026-07-05.. @ https://oc-cdn-public-eur.azureedge.net/livechatwidget/v2scripts/webchat.js:1
[    6368ms] [WARNING] botframework-webchat: "styleOptions.bubbleMaxWidth" has been deprecated. Use "styleOptions.bubbleAttachmentMaxWidth" and "styleOptions.bubbleMessageMaxWidth" instead. This deprecation migration will be removed on or after 2026-07-05.. @ https://oc-cdn-public-eur.azureedge.net/livechatwidget/v2scripts/webchat.js:1
[    6369ms] [WARNING] botframework-webchat: "styleOptions.bubbleMinWidth" has been deprecated. Use "styleOptions.bubbleAttachmentMinWidth" and "styleOptions.bubbleMessageMinWidth" instead. This deprecation migration will be removed on or after 2026-07-05.. @ https://oc-cdn-public-eur.azureedge.net/livechatwidget/v2scripts/webchat.js:1
[    8110ms] [WARNING] Some icons were re-registered. Applications should only call registerIcons for any given icon once. Redefining what an icon is may have unintended consequences. Duplicates include: 
GlobalNavButton, ChevronDown, ChevronUp, Edit, Add, Cancel, More, Settings, Mail, Filter (+ 1791 more) @ https://oc-cdn-public-eur.azureedge.net/livechatwidget/v2scripts/ocw.js:91
