[    3885ms] [LOG] JQMIGRATE: Migrate is installed, version 3.4.1 @ https://navee.tech/wp-includes/js/jquery/jquery-migrate.min.js?ver=3.4.1:1
[    4717ms] TypeError: Cannot read properties of undefined (reading 'offsetWidth')
    at Object.start (metaslider-flex-slider-js-after:365:64)
    at https://navee.tech/wp-content/plugins/ml-slider/assets/sliders/flexslider/jquery.flexslider.min.js?ver=3.100.1:1:3306
[    4857ms] TypeError: Cannot read properties of undefined (reading 'offsetWidth')
    at Object.start (metaslider-flex-slider-js-after:152:64)
    at https://navee.tech/wp-content/plugins/ml-slider/assets/sliders/flexslider/jquery.flexslider.min.js?ver=3.100.1:1:3306
[    8279ms] TypeError: Cannot read properties of undefined (reading 'offsetWidth')
    at Object.after (metaslider-flex-slider-js-after:203:64)
    at n.wrapup (https://navee.tech/wp-content/plugins/ml-slider/assets/sliders/flexslider/jquery.flexslider.min.js?ver=3.100.1:1:17455)
    at HTMLUListElement.<anonymous> (https://navee.tech/wp-content/plugins/ml-slider/assets/sliders/flexslider/jquery.flexslider.min.js?ver=3.100.1:1:16909)
    at HTMLUListElement.dispatch (https://navee.tech/wp-includes/js/jquery/jquery.min.js?ver=3.7.1:2:40035)
    at v.handle (https://navee.tech/wp-includes/js/jquery/jquery.min.js?ver=3.7.1:2:38006)
[   11280ms] TypeError: Cannot read properties of undefined (reading 'offsetWidth')
    at Object.after (metaslider-flex-slider-js-after:203:64)
    at n.wrapup (https://navee.tech/wp-content/plugins/ml-slider/assets/sliders/flexslider/jquery.flexslider.min.js?ver=3.100.1:1:17455)
    at HTMLUListElement.<anonymous> (https://navee.tech/wp-content/plugins/ml-slider/assets/sliders/flexslider/jquery.flexslider.min.js?ver=3.100.1:1:16909)
    at HTMLUListElement.dispatch (https://navee.tech/wp-includes/js/jquery/jquery.min.js?ver=3.7.1:2:40035)
    at v.handle (https://navee.tech/wp-includes/js/jquery/jquery.min.js?ver=3.7.1:2:38006)
[   14278ms] TypeError: Cannot read properties of undefined (reading 'offsetWidth')
    at Object.after (metaslider-flex-slider-js-after:203:64)
    at n.wrapup (https://navee.tech/wp-content/plugins/ml-slider/assets/sliders/flexslider/jquery.flexslider.min.js?ver=3.100.1:1:17455)
    at HTMLUListElement.<anonymous> (https://navee.tech/wp-content/plugins/ml-slider/assets/sliders/flexslider/jquery.flexslider.min.js?ver=3.100.1:1:16909)
    at HTMLUListElement.dispatch (https://navee.tech/wp-includes/js/jquery/jquery.min.js?ver=3.7.1:2:40035)
    at v.handle (https://navee.tech/wp-includes/js/jquery/jquery.min.js?ver=3.7.1:2:38006)
