[    1622ms] [INFO] Run helper.... @ https://cdn.shopify.com/extensions/01a0f807-168f-7fcf-a3d0-e91e9a539d12/pagefly-ai-page-builder-363/assets/pagefly-general-helper.js:0
[    1636ms] [LOG] productATCs [] @ https://cdn.shopify.com/extensions/01a0f807-168f-7fcf-a3d0-e91e9a539d12/pagefly-ai-page-builder-363/assets/pagefly-product.js:4
[    2464ms] [VERBOSE] Rendering was performed in a subtree hidden by content-visibility. @ https://electyum.com/cdn/wpm/b5982071ew7ea472e3p69b68784m2150dfeam.js:0
[    2468ms] [VERBOSE] Rendering was performed in a subtree hidden by content-visibility. @ https://electyum.com/cdn/wpm/b5982071ew7ea472e3p69b68784m2150dfeam.js:0
[    2468ms] [VERBOSE] Rendering was performed in a subtree hidden by content-visibility. @ https://electyum.com/cdn/wpm/b5982071ew7ea472e3p69b68784m2150dfeam.js:0
[    2468ms] [VERBOSE] Rendering was performed in a subtree hidden by content-visibility. @ https://electyum.com/cdn/wpm/b5982071ew7ea472e3p69b68784m2150dfeam.js:0
[    2468ms] [VERBOSE] Rendering was performed in a subtree hidden by content-visibility. @ https://electyum.com/cdn/wpm/b5982071ew7ea472e3p69b68784m2150dfeam.js:0
[    2468ms] [VERBOSE] Rendering was performed in a subtree hidden by content-visibility. @ https://electyum.com/cdn/wpm/b5982071ew7ea472e3p69b68784m2150dfeam.js:0
[    2469ms] [VERBOSE] Rendering was performed in a subtree hidden by content-visibility. @ https://electyum.com/cdn/wpm/b5982071ew7ea472e3p69b68784m2150dfeam.js:0
[    2469ms] [VERBOSE] Rendering was performed in a subtree hidden by content-visibility. @ https://electyum.com/cdn/wpm/b5982071ew7ea472e3p69b68784m2150dfeam.js:0
[    2469ms] [VERBOSE] Rendering was performed in a subtree hidden by content-visibility. @ https://electyum.com/cdn/wpm/b5982071ew7ea472e3p69b68784m2150dfeam.js:0
[    2469ms] [VERBOSE] Rendering was performed in a subtree hidden by content-visibility. @ https://electyum.com/cdn/wpm/b5982071ew7ea472e3p69b68784m2150dfeam.js:0
[    2469ms] [VERBOSE] Rendering was performed in a subtree hidden by content-visibility. @ https://electyum.com/cdn/wpm/b5982071ew7ea472e3p69b68784m2150dfeam.js:0
[    2470ms] [VERBOSE] Rendering was performed in a subtree hidden by content-visibility. @ https://electyum.com/cdn/wpm/b5982071ew7ea472e3p69b68784m2150dfeam.js:0
[    2470ms] [VERBOSE] Rendering was performed in a subtree hidden by content-visibility. @ https://electyum.com/cdn/wpm/b5982071ew7ea472e3p69b68784m2150dfeam.js:0
[    2471ms] [VERBOSE] Rendering was performed in a subtree hidden by content-visibility. @ https://electyum.com/cdn/wpm/b5982071ew7ea472e3p69b68784m2150dfeam.js:0
[    2472ms] [VERBOSE] Rendering was performed in a subtree hidden by content-visibility. @ https://electyum.com/cdn/wpm/b5982071ew7ea472e3p69b68784m2150dfeam.js:0
[    2472ms] [VERBOSE] Rendering was performed in a subtree hidden by content-visibility. @ https://electyum.com/cdn/wpm/b5982071ew7ea472e3p69b68784m2150dfeam.js:0
[    2472ms] [VERBOSE] Rendering was performed in a subtree hidden by content-visibility. @ https://electyum.com/cdn/wpm/b5982071ew7ea472e3p69b68784m2150dfeam.js:0
[    2472ms] [VERBOSE] Rendering was performed in a subtree hidden by content-visibility. @ https://electyum.com/cdn/wpm/b5982071ew7ea472e3p69b68784m2150dfeam.js:0
[    2472ms] [VERBOSE] Rendering was performed in a subtree hidden by content-visibility. @ https://electyum.com/cdn/wpm/b5982071ew7ea472e3p69b68784m2150dfeam.js:0
[    2473ms] [VERBOSE] Rendering was performed in a subtree hidden by content-visibility. @ https://electyum.com/cdn/wpm/b5982071ew7ea472e3p69b68784m2150dfeam.js:0
[    2473ms] [VERBOSE] Rendering was performed in a subtree hidden by content-visibility. @ https://electyum.com/cdn/wpm/b5982071ew7ea472e3p69b68784m2150dfeam.js:0
[    2473ms] [VERBOSE] Rendering was performed in a subtree hidden by content-visibility. @ https://electyum.com/cdn/wpm/b5982071ew7ea472e3p69b68784m2150dfeam.js:0
[    2473ms] [VERBOSE] Rendering was performed in a subtree hidden by content-visibility. @ https://electyum.com/cdn/wpm/b5982071ew7ea472e3p69b68784m2150dfeam.js:0
[    2474ms] [VERBOSE] Rendering was performed in a subtree hidden by content-visibility. @ https://electyum.com/cdn/wpm/b5982071ew7ea472e3p69b68784m2150dfeam.js:0
[    2474ms] [VERBOSE] Rendering was performed in a subtree hidden by content-visibility. @ https://electyum.com/cdn/wpm/b5982071ew7ea472e3p69b68784m2150dfeam.js:0
[    2475ms] [VERBOSE] Rendering was performed in a subtree hidden by content-visibility. @ https://electyum.com/cdn/wpm/b5982071ew7ea472e3p69b68784m2150dfeam.js:0
[    2475ms] [VERBOSE] Rendering was performed in a subtree hidden by content-visibility. @ https://electyum.com/cdn/wpm/b5982071ew7ea472e3p69b68784m2150dfeam.js:0
[    2475ms] [VERBOSE] Rendering was performed in a subtree hidden by content-visibility. @ https://electyum.com/cdn/wpm/b5982071ew7ea472e3p69b68784m2150dfeam.js:0
[    2476ms] [VERBOSE] Rendering was performed in a subtree hidden by content-visibility. @ https://electyum.com/cdn/wpm/b5982071ew7ea472e3p69b68784m2150dfeam.js:0
[    2476ms] [VERBOSE] Rendering was performed in a subtree hidden by content-visibility. @ https://electyum.com/cdn/wpm/b5982071ew7ea472e3p69b68784m2150dfeam.js:0
[    2476ms] [VERBOSE] Rendering was performed in a subtree hidden by content-visibility. @ https://electyum.com/cdn/wpm/b5982071ew7ea472e3p69b68784m2150dfeam.js:0
[    2476ms] [VERBOSE] Rendering was performed in a subtree hidden by content-visibility. @ https://electyum.com/cdn/wpm/b5982071ew7ea472e3p69b68784m2150dfeam.js:0
[    2476ms] [VERBOSE] Rendering was performed in a subtree hidden by content-visibility. @ https://electyum.com/cdn/wpm/b5982071ew7ea472e3p69b68784m2150dfeam.js:0
[    2477ms] [VERBOSE] Rendering was performed in a subtree hidden by content-visibility. @ https://electyum.com/cdn/wpm/b5982071ew7ea472e3p69b68784m2150dfeam.js:0
[    2477ms] [VERBOSE] Rendering was performed in a subtree hidden by content-visibility. @ https://electyum.com/cdn/wpm/b5982071ew7ea472e3p69b68784m2150dfeam.js:0
[    2477ms] [VERBOSE] Rendering was performed in a subtree hidden by content-visibility. @ https://electyum.com/cdn/wpm/b5982071ew7ea472e3p69b68784m2150dfeam.js:0
[    2486ms] [VERBOSE] Rendering was performed in a subtree hidden by content-visibility. @ https://electyum.com/cdn/wpm/b5982071ew7ea472e3p69b68784m2150dfeam.js:0
[    2487ms] [VERBOSE] Rendering was performed in a subtree hidden by content-visibility. @ https://electyum.com/cdn/wpm/b5982071ew7ea472e3p69b68784m2150dfeam.js:0
[    2488ms] [VERBOSE] Rendering was performed in a subtree hidden by content-visibility. @ https://electyum.com/cdn/wpm/b5982071ew7ea472e3p69b68784m2150dfeam.js:0
[    2488ms] [VERBOSE] Rendering was performed in a subtree hidden by content-visibility. @ https://electyum.com/cdn/wpm/b5982071ew7ea472e3p69b68784m2150dfeam.js:0
[    2488ms] [VERBOSE] Rendering was performed in a subtree hidden by content-visibility. @ https://electyum.com/cdn/wpm/b5982071ew7ea472e3p69b68784m2150dfeam.js:0
[    2488ms] [VERBOSE] Rendering was performed in a subtree hidden by content-visibility. @ https://electyum.com/cdn/wpm/b5982071ew7ea472e3p69b68784m2150dfeam.js:0
[    2489ms] [VERBOSE] Rendering was performed in a subtree hidden by content-visibility. @ https://electyum.com/cdn/wpm/b5982071ew7ea472e3p69b68784m2150dfeam.js:0
[    2489ms] [VERBOSE] Rendering was performed in a subtree hidden by content-visibility. @ https://electyum.com/cdn/wpm/b5982071ew7ea472e3p69b68784m2150dfeam.js:0
[    2489ms] [VERBOSE] Rendering was performed in a subtree hidden by content-visibility. @ https://electyum.com/cdn/wpm/b5982071ew7ea472e3p69b68784m2150dfeam.js:0
[    2489ms] [VERBOSE] Rendering was performed in a subtree hidden by content-visibility. @ https://electyum.com/cdn/wpm/b5982071ew7ea472e3p69b68784m2150dfeam.js:0
[    2489ms] [VERBOSE] Rendering was performed in a subtree hidden by content-visibility. @ https://electyum.com/cdn/wpm/b5982071ew7ea472e3p69b68784m2150dfeam.js:0
[    2489ms] [VERBOSE] Rendering was performed in a subtree hidden by content-visibility. @ https://electyum.com/cdn/wpm/b5982071ew7ea472e3p69b68784m2150dfeam.js:0
[    2490ms] [VERBOSE] Rendering was performed in a subtree hidden by content-visibility. @ https://electyum.com/cdn/wpm/b5982071ew7ea472e3p69b68784m2150dfeam.js:0
[    2491ms] [VERBOSE] Rendering was performed in a subtree hidden by content-visibility. @ https://electyum.com/cdn/wpm/b5982071ew7ea472e3p69b68784m2150dfeam.js:0
[    2492ms] [VERBOSE] Rendering was performed in a subtree hidden by content-visibility. @ https://electyum.com/cdn/wpm/b5982071ew7ea472e3p69b68784m2150dfeam.js:0
[    2492ms] [VERBOSE] Rendering was performed in a subtree hidden by content-visibility. @ https://electyum.com/cdn/wpm/b5982071ew7ea472e3p69b68784m2150dfeam.js:0
[    2492ms] [VERBOSE] Rendering was performed in a subtree hidden by content-visibility. @ https://electyum.com/cdn/wpm/b5982071ew7ea472e3p69b68784m2150dfeam.js:0
[    2492ms] [VERBOSE] Rendering was performed in a subtree hidden by content-visibility. @ https://electyum.com/cdn/wpm/b5982071ew7ea472e3p69b68784m2150dfeam.js:0
[    2492ms] [VERBOSE] Rendering was performed in a subtree hidden by content-visibility. @ https://electyum.com/cdn/wpm/b5982071ew7ea472e3p69b68784m2150dfeam.js:0
[    2493ms] [VERBOSE] Rendering was performed in a subtree hidden by content-visibility. @ https://electyum.com/cdn/wpm/b5982071ew7ea472e3p69b68784m2150dfeam.js:0
[    2493ms] [VERBOSE] Rendering was performed in a subtree hidden by content-visibility. @ https://electyum.com/cdn/wpm/b5982071ew7ea472e3p69b68784m2150dfeam.js:0
[    2493ms] [VERBOSE] Rendering was performed in a subtree hidden by content-visibility. @ https://electyum.com/cdn/wpm/b5982071ew7ea472e3p69b68784m2150dfeam.js:0
[    2493ms] [VERBOSE] Rendering was performed in a subtree hidden by content-visibility. @ https://electyum.com/cdn/wpm/b5982071ew7ea472e3p69b68784m2150dfeam.js:0
[    2493ms] [VERBOSE] Rendering was performed in a subtree hidden by content-visibility. @ https://electyum.com/cdn/wpm/b5982071ew7ea472e3p69b68784m2150dfeam.js:0
[    2494ms] [VERBOSE] Rendering was performed in a subtree hidden by content-visibility. @ https://electyum.com/cdn/wpm/b5982071ew7ea472e3p69b68784m2150dfeam.js:0
[    2495ms] [VERBOSE] Rendering was performed in a subtree hidden by content-visibility. @ https://electyum.com/cdn/wpm/b5982071ew7ea472e3p69b68784m2150dfeam.js:0
[    2496ms] [VERBOSE] Rendering was performed in a subtree hidden by content-visibility. @ https://electyum.com/cdn/wpm/b5982071ew7ea472e3p69b68784m2150dfeam.js:0
[    2496ms] [VERBOSE] Rendering was performed in a subtree hidden by content-visibility. @ https://electyum.com/cdn/wpm/b5982071ew7ea472e3p69b68784m2150dfeam.js:0
[    2496ms] [VERBOSE] Rendering was performed in a subtree hidden by content-visibility. @ https://electyum.com/cdn/wpm/b5982071ew7ea472e3p69b68784m2150dfeam.js:0
[    2496ms] [VERBOSE] Rendering was performed in a subtree hidden by content-visibility. @ https://electyum.com/cdn/wpm/b5982071ew7ea472e3p69b68784m2150dfeam.js:0
[    2497ms] [VERBOSE] Rendering was performed in a subtree hidden by content-visibility. @ https://electyum.com/cdn/wpm/b5982071ew7ea472e3p69b68784m2150dfeam.js:0
[    2497ms] [VERBOSE] Rendering was performed in a subtree hidden by content-visibility. @ https://electyum.com/cdn/wpm/b5982071ew7ea472e3p69b68784m2150dfeam.js:0
[    2497ms] [VERBOSE] Rendering was performed in a subtree hidden by content-visibility. @ https://electyum.com/cdn/wpm/b5982071ew7ea472e3p69b68784m2150dfeam.js:0
[    2497ms] [VERBOSE] Rendering was performed in a subtree hidden by content-visibility. @ https://electyum.com/cdn/wpm/b5982071ew7ea472e3p69b68784m2150dfeam.js:0
[    2497ms] [VERBOSE] Rendering was performed in a subtree hidden by content-visibility. @ https://electyum.com/cdn/wpm/b5982071ew7ea472e3p69b68784m2150dfeam.js:0
[    2498ms] [VERBOSE] Rendering was performed in a subtree hidden by content-visibility. @ https://electyum.com/cdn/wpm/b5982071ew7ea472e3p69b68784m2150dfeam.js:0
[    2742ms] [LOG] Script loaded successfully: https://cdn.shopify.com/extensions/01a0f807-168f-7fcf-a3d0-e91e9a539d12/pagefly-ai-page-builder-363/assets/pagefly-htmlvideo2.js @ https://cdn.shopify.com/extensions/01a0f807-168f-7fcf-a3d0-e91e9a539d12/pagefly-ai-page-builder-363/assets/pagefly-general-helper.js:0
[    3659ms] [LOG] [SeQura] deploymentTarget: byUri=sequra legacy=sequra fallbackInUse=false scriptUri=https://live.sequracdn.com/assets/sequra-checkout.min.js merchant=electyum assetKey=5mBpU2IZjf @ https://live.sequracdn.com/assets/sequra-checkout.min.js:0
[    4234ms] [VERBOSE] Rendering was performed in a subtree hidden by content-visibility. @ :3338
[    4235ms] [VERBOSE] Rendering was performed in a subtree hidden by content-visibility. @ :3338
[    4236ms] [VERBOSE] Rendering was performed in a subtree hidden by content-visibility. @ :3338
[    4237ms] [VERBOSE] Rendering was performed in a subtree hidden by content-visibility. @ :3338
[    4238ms] [VERBOSE] Rendering was performed in a subtree hidden by content-visibility. @ :3338
[    4239ms] [VERBOSE] Rendering was performed in a subtree hidden by content-visibility. @ :3338
[    4268ms] [VERBOSE] Rendering was performed in a subtree hidden by content-visibility. @ :3338
[    4269ms] [VERBOSE] Rendering was performed in a subtree hidden by content-visibility. @ :3338
[    4270ms] [VERBOSE] Rendering was performed in a subtree hidden by content-visibility. @ :3338
[    4271ms] [VERBOSE] Rendering was performed in a subtree hidden by content-visibility. @ :3338
[    4273ms] [VERBOSE] Rendering was performed in a subtree hidden by content-visibility. @ :3338
[    4274ms] [VERBOSE] Rendering was performed in a subtree hidden by content-visibility. @ :3338
[   13409ms] [VERBOSE] Rendering was performed in a subtree hidden by content-visibility. @ :3338
[   13410ms] [VERBOSE] Rendering was performed in a subtree hidden by content-visibility. @ :3338
[   13412ms] [VERBOSE] Rendering was performed in a subtree hidden by content-visibility. @ :3338
[   13412ms] [VERBOSE] Rendering was performed in a subtree hidden by content-visibility. @ :3338
[   13413ms] [VERBOSE] Rendering was performed in a subtree hidden by content-visibility. @ :3338
[   13414ms] [VERBOSE] Rendering was performed in a subtree hidden by content-visibility. @ :3338
[   13434ms] [VERBOSE] Rendering was performed in a subtree hidden by content-visibility. @ :3338
[   13435ms] [VERBOSE] Rendering was performed in a subtree hidden by content-visibility. @ :3338
[   13436ms] [VERBOSE] Rendering was performed in a subtree hidden by content-visibility. @ :3338
[   13437ms] [VERBOSE] Rendering was performed in a subtree hidden by content-visibility. @ :3338
[   13438ms] [VERBOSE] Rendering was performed in a subtree hidden by content-visibility. @ :3338
[   13439ms] [VERBOSE] Rendering was performed in a subtree hidden by content-visibility. @ :3338
