[     593ms] [ERROR] Failed to load resource: net::ERR_CONNECTION_TIMED_OUT @ https://link.emovedistribution.com/wp-content/uploads/2025/04/emove-logo.jpg:0
[    1478ms] [LOG] JQMIGRATE: Migrate is installed, version 3.4.1 @ https://patinetestore.com/wp-includes/js/jquery/jquery-migrate.min.js?ver=3.4.1:1
[    1640ms] [WARNING] Allow attribute will take precedence over 'allowfullscreen'. @ https://patinetestore.com/producto/ice-q5-evo-60v-26ah-2026-dgt-amarillo/:6703
[   -6163ms] [WARNING] []Automatic fallback to software WebGL has been deprecated. Please use the --enable-unsafe-swiftshader flag to opt in to lower security guarantees for trusted content. @ https://www.tiktok.com/player/v1/7603818874794036502?autoplay=0&controls=1&description=0&music_info=0&fullscreen_button=1:0
[   -6163ms] [WARNING] []Automatic fallback to software WebGL has been deprecated. Please use the --enable-unsafe-swiftshader flag to opt in to lower security guarantees for trusted content. @ https://www.tiktok.com/player/v1/7603818874794036502?autoplay=0&controls=1&description=0&music_info=0&fullscreen_button=1:0
[   -6163ms] [WARNING] []Automatic fallback to software WebGL has been deprecated. Please use the --enable-unsafe-swiftshader flag to opt in to lower security guarantees for trusted content. @ https://www.tiktok.com/player/v1/7607917761183960342?autoplay=0&controls=1&description=0&music_info=0&fullscreen_button=1:0
[   -6163ms] [WARNING] []Automatic fallback to software WebGL has been deprecated. Please use the --enable-unsafe-swiftshader flag to opt in to lower security guarantees for trusted content. @ https://www.tiktok.com/player/v1/7607917761183960342?autoplay=0&controls=1&description=0&music_info=0&fullscreen_button=1:0
[   -6162ms] [WARNING] No available adapters. @ https://www.tiktok.com/player/v1/7603818874794036502?autoplay=0&controls=1&description=0&music_info=0&fullscreen_button=1:0
[   -6060ms] [WARNING] No available adapters. @ https://www.tiktok.com/player/v1/7607917761183960342?autoplay=0&controls=1&description=0&music_info=0&fullscreen_button=1:0
[   -4019ms] [WARNING] []Automatic fallback to software WebGL has been deprecated. Please use the --enable-unsafe-swiftshader flag to opt in to lower security guarantees for trusted content. @ https://www.tiktok.com/player/v1/7603818874794036502?autoplay=0&controls=1&description=0&music_info=0&fullscreen_button=1:0
[   -3859ms] [WARNING] []Automatic fallback to software WebGL has been deprecated. Please use the --enable-unsafe-swiftshader flag to opt in to lower security guarantees for trusted content. @ https://www.tiktok.com/player/v1/7607917761183960342?autoplay=0&controls=1&description=0&music_info=0&fullscreen_button=1:0
[   -2407ms] [WARNING] []Automatic fallback to software WebGL has been deprecated. Please use the --enable-unsafe-swiftshader flag to opt in to lower security guarantees for trusted content. @ https://www.tiktok.com/player/v1/7607917761183960342?autoplay=0&controls=1&description=0&music_info=0&fullscreen_button=1:0
[   -2406ms] [WARNING] []Automatic fallback to software WebGL has been deprecated. Please use the --enable-unsafe-swiftshader flag to opt in to lower security guarantees for trusted content. @ https://www.tiktok.com/player/v1/7603818874794036502?autoplay=0&controls=1&description=0&music_info=0&fullscreen_button=1:0
[    1916ms] [INFO] . @ https://sf16-website-login.neutral.tiktokcdn-eu.com/obj/tiktok_web_login_static_eu/webmssdk/1.0.0.328/webmssdk.js:0
[    2043ms] [WARNING] You will need to pass in an @ies/starling_intl instance by using registerReactInstance @ https://sf16-website-login.neutral.tiktokcdn-eu.com/obj/tiktok_web_login_static_eu/tiktok_4d_playback/static/js/522.0610336094.js:4
[    2044ms] [WARNING] You will need to pass in an @ies/starling_intl instance by using registerReactInstance @ https://sf16-website-login.neutral.tiktokcdn-eu.com/obj/tiktok_web_login_static_eu/tiktok_4d_playback/static/js/522.0610336094.js:4
[   -6163ms] [WARNING] []Automatic fallback to software WebGL has been deprecated. Please use the --enable-unsafe-swiftshader flag to opt in to lower security guarantees for trusted content. @ https://www.tiktok.com/player/v1/7603818874794036502?autoplay=0&controls=1&description=0&music_info=0&fullscreen_button=1:0
[   -6163ms] [WARNING] []Automatic fallback to software WebGL has been deprecated. Please use the --enable-unsafe-swiftshader flag to opt in to lower security guarantees for trusted content. @ https://www.tiktok.com/player/v1/7603818874794036502?autoplay=0&controls=1&description=0&music_info=0&fullscreen_button=1:0
[   -6163ms] [WARNING] []Automatic fallback to software WebGL has been deprecated. Please use the --enable-unsafe-swiftshader flag to opt in to lower security guarantees for trusted content. @ https://www.tiktok.com/player/v1/7607917761183960342?autoplay=0&controls=1&description=0&music_info=0&fullscreen_button=1:0
[   -6163ms] [WARNING] []Automatic fallback to software WebGL has been deprecated. Please use the --enable-unsafe-swiftshader flag to opt in to lower security guarantees for trusted content. @ https://www.tiktok.com/player/v1/7607917761183960342?autoplay=0&controls=1&description=0&music_info=0&fullscreen_button=1:0
[   -6162ms] [WARNING] No available adapters. @ https://www.tiktok.com/player/v1/7603818874794036502?autoplay=0&controls=1&description=0&music_info=0&fullscreen_button=1:0
[   -6060ms] [WARNING] No available adapters. @ https://www.tiktok.com/player/v1/7607917761183960342?autoplay=0&controls=1&description=0&music_info=0&fullscreen_button=1:0
[   -4019ms] [WARNING] []Automatic fallback to software WebGL has been deprecated. Please use the --enable-unsafe-swiftshader flag to opt in to lower security guarantees for trusted content. @ https://www.tiktok.com/player/v1/7603818874794036502?autoplay=0&controls=1&description=0&music_info=0&fullscreen_button=1:0
[   -3859ms] [WARNING] []Automatic fallback to software WebGL has been deprecated. Please use the --enable-unsafe-swiftshader flag to opt in to lower security guarantees for trusted content. @ https://www.tiktok.com/player/v1/7607917761183960342?autoplay=0&controls=1&description=0&music_info=0&fullscreen_button=1:0
[   -2407ms] [WARNING] []Automatic fallback to software WebGL has been deprecated. Please use the --enable-unsafe-swiftshader flag to opt in to lower security guarantees for trusted content. @ https://www.tiktok.com/player/v1/7607917761183960342?autoplay=0&controls=1&description=0&music_info=0&fullscreen_button=1:0
[   -2406ms] [WARNING] []Automatic fallback to software WebGL has been deprecated. Please use the --enable-unsafe-swiftshader flag to opt in to lower security guarantees for trusted content. @ https://www.tiktok.com/player/v1/7603818874794036502?autoplay=0&controls=1&description=0&music_info=0&fullscreen_button=1:0
[    2182ms] [INFO] . @ https://sf16-website-login.neutral.tiktokcdn-eu.com/obj/tiktok_web_login_static_eu/webmssdk/1.0.0.328/webmssdk.js:0
[   -6163ms] [WARNING] []Automatic fallback to software WebGL has been deprecated. Please use the --enable-unsafe-swiftshader flag to opt in to lower security guarantees for trusted content. @ https://www.tiktok.com/player/v1/7603818874794036502?autoplay=0&controls=1&description=0&music_info=0&fullscreen_button=1:0
[   -6163ms] [WARNING] []Automatic fallback to software WebGL has been deprecated. Please use the --enable-unsafe-swiftshader flag to opt in to lower security guarantees for trusted content. @ https://www.tiktok.com/player/v1/7603818874794036502?autoplay=0&controls=1&description=0&music_info=0&fullscreen_button=1:0
[   -6163ms] [WARNING] []Automatic fallback to software WebGL has been deprecated. Please use the --enable-unsafe-swiftshader flag to opt in to lower security guarantees for trusted content. @ https://www.tiktok.com/player/v1/7607917761183960342?autoplay=0&controls=1&description=0&music_info=0&fullscreen_button=1:0
[   -6163ms] [WARNING] []Automatic fallback to software WebGL has been deprecated. Please use the --enable-unsafe-swiftshader flag to opt in to lower security guarantees for trusted content. @ https://www.tiktok.com/player/v1/7607917761183960342?autoplay=0&controls=1&description=0&music_info=0&fullscreen_button=1:0
[   -6162ms] [WARNING] No available adapters. @ https://www.tiktok.com/player/v1/7603818874794036502?autoplay=0&controls=1&description=0&music_info=0&fullscreen_button=1:0
[   -6060ms] [WARNING] No available adapters. @ https://www.tiktok.com/player/v1/7607917761183960342?autoplay=0&controls=1&description=0&music_info=0&fullscreen_button=1:0
[   -4019ms] [WARNING] []Automatic fallback to software WebGL has been deprecated. Please use the --enable-unsafe-swiftshader flag to opt in to lower security guarantees for trusted content. @ https://www.tiktok.com/player/v1/7603818874794036502?autoplay=0&controls=1&description=0&music_info=0&fullscreen_button=1:0
[   -3859ms] [WARNING] []Automatic fallback to software WebGL has been deprecated. Please use the --enable-unsafe-swiftshader flag to opt in to lower security guarantees for trusted content. @ https://www.tiktok.com/player/v1/7607917761183960342?autoplay=0&controls=1&description=0&music_info=0&fullscreen_button=1:0
[   -2407ms] [WARNING] []Automatic fallback to software WebGL has been deprecated. Please use the --enable-unsafe-swiftshader flag to opt in to lower security guarantees for trusted content. @ https://www.tiktok.com/player/v1/7607917761183960342?autoplay=0&controls=1&description=0&music_info=0&fullscreen_button=1:0
[   -2406ms] [WARNING] []Automatic fallback to software WebGL has been deprecated. Please use the --enable-unsafe-swiftshader flag to opt in to lower security guarantees for trusted content. @ https://www.tiktok.com/player/v1/7603818874794036502?autoplay=0&controls=1&description=0&music_info=0&fullscreen_button=1:0
[    2574ms] [INFO] . @ https://sf16-website-login.neutral.tiktokcdn-eu.com/obj/tiktok_web_login_static_eu/webmssdk/1.0.0.328/webmssdk.js:0
[   -6163ms] [WARNING] []Automatic fallback to software WebGL has been deprecated. Please use the --enable-unsafe-swiftshader flag to opt in to lower security guarantees for trusted content. @ https://www.tiktok.com/player/v1/7603818874794036502?autoplay=0&controls=1&description=0&music_info=0&fullscreen_button=1:0
[   -6163ms] [WARNING] []Automatic fallback to software WebGL has been deprecated. Please use the --enable-unsafe-swiftshader flag to opt in to lower security guarantees for trusted content. @ https://www.tiktok.com/player/v1/7603818874794036502?autoplay=0&controls=1&description=0&music_info=0&fullscreen_button=1:0
[   -6163ms] [WARNING] []Automatic fallback to software WebGL has been deprecated. Please use the --enable-unsafe-swiftshader flag to opt in to lower security guarantees for trusted content. @ https://www.tiktok.com/player/v1/7607917761183960342?autoplay=0&controls=1&description=0&music_info=0&fullscreen_button=1:0
[   -6163ms] [WARNING] []Automatic fallback to software WebGL has been deprecated. Please use the --enable-unsafe-swiftshader flag to opt in to lower security guarantees for trusted content. @ https://www.tiktok.com/player/v1/7607917761183960342?autoplay=0&controls=1&description=0&music_info=0&fullscreen_button=1:0
[   -6162ms] [WARNING] No available adapters. @ https://www.tiktok.com/player/v1/7603818874794036502?autoplay=0&controls=1&description=0&music_info=0&fullscreen_button=1:0
[   -6060ms] [WARNING] No available adapters. @ https://www.tiktok.com/player/v1/7607917761183960342?autoplay=0&controls=1&description=0&music_info=0&fullscreen_button=1:0
[   -4019ms] [WARNING] []Automatic fallback to software WebGL has been deprecated. Please use the --enable-unsafe-swiftshader flag to opt in to lower security guarantees for trusted content. @ https://www.tiktok.com/player/v1/7603818874794036502?autoplay=0&controls=1&description=0&music_info=0&fullscreen_button=1:0
[   -3859ms] [WARNING] []Automatic fallback to software WebGL has been deprecated. Please use the --enable-unsafe-swiftshader flag to opt in to lower security guarantees for trusted content. @ https://www.tiktok.com/player/v1/7607917761183960342?autoplay=0&controls=1&description=0&music_info=0&fullscreen_button=1:0
[   -2407ms] [WARNING] []Automatic fallback to software WebGL has been deprecated. Please use the --enable-unsafe-swiftshader flag to opt in to lower security guarantees for trusted content. @ https://www.tiktok.com/player/v1/7607917761183960342?autoplay=0&controls=1&description=0&music_info=0&fullscreen_button=1:0
[   -2406ms] [WARNING] []Automatic fallback to software WebGL has been deprecated. Please use the --enable-unsafe-swiftshader flag to opt in to lower security guarantees for trusted content. @ https://www.tiktok.com/player/v1/7603818874794036502?autoplay=0&controls=1&description=0&music_info=0&fullscreen_button=1:0
[    2716ms] [WARNING] [21:30:39.476] [WonderPush] [website] [sdk         ] userId requested before being initialized @ https://cdn.by.wonderpush.com/sdk/1.1.45.0/wonderpush.min.js:0
[    2716ms] [WARNING] [21:30:39.476] [WonderPush] [website] [sdk         ] userId requested before being initialized @ https://cdn.by.wonderpush.com/sdk/1.1.45.0/wonderpush.min.js:0
[    2716ms] [WARNING] [21:30:39.477] [WonderPush] [website] [sdk         ] userId requested before being initialized @ https://cdn.by.wonderpush.com/sdk/1.1.45.0/wonderpush.min.js:0
[    2716ms] [WARNING] [21:30:39.477] [WonderPush] [website] [sdk         ] userId requested before being initialized @ https://cdn.by.wonderpush.com/sdk/1.1.45.0/wonderpush.min.js:0
[    2717ms] [WARNING] [21:30:39.477] [WonderPush] [website] [sdk         ] userId requested before being initialized @ https://cdn.by.wonderpush.com/sdk/1.1.45.0/wonderpush.min.js:0
[    2717ms] [WARNING] [21:30:39.477] [WonderPush] [website] [sdk         ] userId requested before being initialized @ https://cdn.by.wonderpush.com/sdk/1.1.45.0/wonderpush.min.js:0
[    2731ms] [WARNING] You will need to pass in an @ies/starling_intl instance by using registerReactInstance @ https://sf16-website-login.neutral.tiktokcdn-eu.com/obj/tiktok_web_login_static_eu/tiktok_4d_playback/static/js/522.0610336094.js:4
[    2731ms] [WARNING] You will need to pass in an @ies/starling_intl instance by using registerReactInstance @ https://sf16-website-login.neutral.tiktokcdn-eu.com/obj/tiktok_web_login_static_eu/tiktok_4d_playback/static/js/522.0610336094.js:4
[    2744ms] [WARNING] [21:30:39.505] [WonderPush] [website] [sdk         ] userId requested before being initialized @ https://cdn.by.wonderpush.com/sdk/1.1.45.0/wonderpush.min.js:0
[    2757ms] [WARNING] [21:30:39.517] [WonderPush] [website] [sdk         ] userId requested before being initialized @ https://cdn.by.wonderpush.com/sdk/1.1.45.0/wonderpush.min.js:0
[    2768ms] [WARNING] [21:30:39.529] [WonderPush] [website] [sdk         ] userId requested before being initialized @ https://cdn.by.wonderpush.com/sdk/1.1.45.0/wonderpush.min.js:0
[    2788ms] [INFO] . @ https://sf16-website-login.neutral.tiktokcdn-eu.com/obj/tiktok_web_login_static_eu/webmssdk/1.0.0.328/webmssdk.js:0
[    3028ms] [WARNING] You will need to pass in an @ies/starling_intl instance by using registerReactInstance @ https://sf16-website-login.neutral.tiktokcdn-eu.com/obj/tiktok_web_login_static_eu/tiktok_4d_playback/static/js/522.0610336094.js:4
[    3029ms] [WARNING] You will need to pass in an @ies/starling_intl instance by using registerReactInstance @ https://sf16-website-login.neutral.tiktokcdn-eu.com/obj/tiktok_web_login_static_eu/tiktok_4d_playback/static/js/522.0610336094.js:4
[    3199ms] [WARNING] getRelatedApps failed InvalidStateError: Failed to execute 'getInstalledRelatedApps' on 'Navigator': getInstalledRelatedApps() is only supported in top-level browsing contexts.
    at o (https://sf16-website-login.neutral.tiktokcdn-eu.com/obj/tiktok_web_login_static_eu/tiktok_4d_playback/static/js/async/73.42e10e9fa3.js:2:18472)
    at o.next (<anonymous>)
    at https://sf16-website-login.neutral.tiktokcdn-eu.com/obj/tiktok_web_login_static_eu/tiktok_4d_playback/static/js/async/73.42e10e9fa3.js:2:18890
    at new Promise (<anonymous>)
    at https://sf16-website-login.neutral.tiktokcdn-eu.com/obj/tiktok_web_login_static_eu/tiktok_4d_playback/static/js/async/73.42e10e9fa3.js:2:18639
    at oU (https://sf16-website-login.neutral.tiktokcdn-eu.com/obj/tiktok_web_login_static_eu/tiktok_4d_playback/static/js/lib-react.b24368ee1a.js:2:87666)
    at uj (https://sf16-website-login.neutral.tiktokcdn-eu.com/obj/tiktok_web_login_static_eu/tiktok_4d_playback/static/js/lib-react.b24368ee1a.js:2:116657)
    at https://sf16-website-login.neutral.tiktokcdn-eu.com/obj/tiktok_web_login_static_eu/tiktok_4d_playback/static/js/lib-react.b24368ee1a.js:2:111232
    at x (https://sf16-website-login.neutral.tiktokcdn-eu.com/obj/tiktok_web_login_static_eu/tiktok_4d_playback/static/js/lib-react.b24368ee1a.js:2:140882)
    at T (https://sf16-website-login.neutral.tiktokcdn-eu.com/obj/tiktok_web_login_static_eu/tiktok_4d_playback/static/js/lib-react.b24368ee1a.js:2:141403) @ https://sf16-website-login.neutral.tiktokcdn-eu.com/obj/tiktok_web_login_static_eu/tiktok_4d_playback/static/js/async/73.42e10e9fa3.js:1
[    3223ms] [LOG] %c %s color: yellow; background-color: black; [instance: cookie_banner_tea_sdk] appid: 345918, userInfo:{"user_unique_id":"7910714133515111312","web_id":"7910714133515111312"} @ https://sf16-website-login.neutral.tiktokcdn-eu.com/obj/tiktok_web_login_static_eu/tiktok_4d_playback/static/js/522.0610336094.js:4
[    3223ms] [LOG] %c %s color: yellow; background-color: black; [instance: cookie_banner_tea_sdk] appid: 345918, sdk is ready, version is 5.3.15_oversea, you can report now !!! @ https://sf16-website-login.neutral.tiktokcdn-eu.com/obj/tiktok_web_login_static_eu/tiktok_4d_playback/static/js/522.0610336094.js:4
[    3446ms] [WARNING] getRelatedApps failed InvalidStateError: Failed to execute 'getInstalledRelatedApps' on 'Navigator': getInstalledRelatedApps() is only supported in top-level browsing contexts.
    at o (https://sf16-website-login.neutral.tiktokcdn-eu.com/obj/tiktok_web_login_static_eu/tiktok_4d_playback/static/js/async/73.42e10e9fa3.js:2:18472)
    at o.next (<anonymous>)
    at https://sf16-website-login.neutral.tiktokcdn-eu.com/obj/tiktok_web_login_static_eu/tiktok_4d_playback/static/js/async/73.42e10e9fa3.js:2:18890
    at new Promise (<anonymous>)
    at https://sf16-website-login.neutral.tiktokcdn-eu.com/obj/tiktok_web_login_static_eu/tiktok_4d_playback/static/js/async/73.42e10e9fa3.js:2:18639
    at oU (https://sf16-website-login.neutral.tiktokcdn-eu.com/obj/tiktok_web_login_static_eu/tiktok_4d_playback/static/js/lib-react.b24368ee1a.js:2:87666)
    at uj (https://sf16-website-login.neutral.tiktokcdn-eu.com/obj/tiktok_web_login_static_eu/tiktok_4d_playback/static/js/lib-react.b24368ee1a.js:2:116657)
    at https://sf16-website-login.neutral.tiktokcdn-eu.com/obj/tiktok_web_login_static_eu/tiktok_4d_playback/static/js/lib-react.b24368ee1a.js:2:111232
    at x (https://sf16-website-login.neutral.tiktokcdn-eu.com/obj/tiktok_web_login_static_eu/tiktok_4d_playback/static/js/lib-react.b24368ee1a.js:2:140882)
    at T (https://sf16-website-login.neutral.tiktokcdn-eu.com/obj/tiktok_web_login_static_eu/tiktok_4d_playback/static/js/lib-react.b24368ee1a.js:2:141403) @ https://sf16-website-login.neutral.tiktokcdn-eu.com/obj/tiktok_web_login_static_eu/tiktok_4d_playback/static/js/async/73.42e10e9fa3.js:1
[    3714ms] [LOG] %c %s color: yellow; background-color: black; [instance: cookie_banner_tea_sdk] appid: 345918, userInfo:{"user_unique_id":"7910714133515111312","web_id":"7910714133515111312"} @ https://sf16-website-login.neutral.tiktokcdn-eu.com/obj/tiktok_web_login_static_eu/tiktok_4d_playback/static/js/522.0610336094.js:4
[    3715ms] [LOG] %c %s color: yellow; background-color: black; [instance: cookie_banner_tea_sdk] appid: 345918, sdk is ready, version is 5.3.15_oversea, you can report now !!! @ https://sf16-website-login.neutral.tiktokcdn-eu.com/obj/tiktok_web_login_static_eu/tiktok_4d_playback/static/js/522.0610336094.js:4
[    6358ms] [VERBOSE] Rendering was performed in a subtree hidden by content-visibility. @ :3338
[    7541ms] [VERBOSE] Rendering was performed in a subtree hidden by content-visibility. @ :3338
