[ -499049ms] [WARNING] Allow attribute will take precedence over 'allowfullscreen'. @ https://patinetestore.com/producto/patinete-electrico-kamikaze-k1-plus-dgt/:6709
[ -428005ms] [ERROR] Failed to load resource: net::ERR_CONNECTION_TIMED_OUT @ https://link.emovedistribution.com/wp-content/uploads/2025/04/emove-logo.jpg:0
[ -499294ms] [LOG] JQMIGRATE: Migrate is installed, version 3.4.1 @ https://patinetestore.com/wp-includes/js/jquery/jquery-migrate.min.js?ver=3.4.1:1
[ -497771ms] [WARNING] [21:26:31.463] [WonderPush] [website] [sdk         ] userId requested before being initialized @ https://cdn.by.wonderpush.com/sdk/1.1.45.0/wonderpush.min.js:0
[ -497770ms] [WARNING] [21:26:31.463] [WonderPush] [website] [sdk         ] userId requested before being initialized @ https://cdn.by.wonderpush.com/sdk/1.1.45.0/wonderpush.min.js:0
[ -497770ms] [WARNING] [21:26:31.463] [WonderPush] [website] [sdk         ] userId requested before being initialized @ https://cdn.by.wonderpush.com/sdk/1.1.45.0/wonderpush.min.js:0
[ -497770ms] [WARNING] [21:26:31.463] [WonderPush] [website] [sdk         ] userId requested before being initialized @ https://cdn.by.wonderpush.com/sdk/1.1.45.0/wonderpush.min.js:0
[ -497770ms] [WARNING] [21:26:31.464] [WonderPush] [website] [sdk         ] userId requested before being initialized @ https://cdn.by.wonderpush.com/sdk/1.1.45.0/wonderpush.min.js:0
[ -497769ms] [WARNING] [21:26:31.464] [WonderPush] [website] [sdk         ] userId requested before being initialized @ https://cdn.by.wonderpush.com/sdk/1.1.45.0/wonderpush.min.js:0
[ -497602ms] [WARNING] [21:26:31.631] [WonderPush] [website] [sdk         ] userId requested before being initialized @ https://cdn.by.wonderpush.com/sdk/1.1.45.0/wonderpush.min.js:0
[ -497600ms] [WARNING] [21:26:31.634] [WonderPush] [website] [sdk         ] userId requested before being initialized @ https://cdn.by.wonderpush.com/sdk/1.1.45.0/wonderpush.min.js:0
[ -497597ms] [WARNING] [21:26:31.636] [WonderPush] [website] [sdk         ] userId requested before being initialized @ https://cdn.by.wonderpush.com/sdk/1.1.45.0/wonderpush.min.js:0
[ -486568ms] [WARNING] []Automatic fallback to software WebGL has been deprecated. Please use the --enable-unsafe-swiftshader flag to opt in to lower security guarantees for trusted content. @ https://www.tiktok.com/player/v1/7601122963345116418?autoplay=0&controls=1&description=0&music_info=0&fullscreen_button=1:0
[ -486568ms] [WARNING] []Automatic fallback to software WebGL has been deprecated. Please use the --enable-unsafe-swiftshader flag to opt in to lower security guarantees for trusted content. @ https://www.tiktok.com/player/v1/7601122963345116418?autoplay=0&controls=1&description=0&music_info=0&fullscreen_button=1:0
[ -486568ms] [WARNING] []Automatic fallback to software WebGL has been deprecated. Please use the --enable-unsafe-swiftshader flag to opt in to lower security guarantees for trusted content. @ https://www.tiktok.com/player/v1/7611248560457141526?autoplay=0&controls=1&description=0&music_info=0&fullscreen_button=1:0
[ -486567ms] [WARNING] []Automatic fallback to software WebGL has been deprecated. Please use the --enable-unsafe-swiftshader flag to opt in to lower security guarantees for trusted content. @ https://www.tiktok.com/player/v1/7611248560457141526?autoplay=0&controls=1&description=0&music_info=0&fullscreen_button=1:0
[ -486567ms] [WARNING] No available adapters. @ https://www.tiktok.com/player/v1/7601122963345116418?autoplay=0&controls=1&description=0&music_info=0&fullscreen_button=1:0
[ -486450ms] [WARNING] No available adapters. @ https://www.tiktok.com/player/v1/7611248560457141526?autoplay=0&controls=1&description=0&music_info=0&fullscreen_button=1:0
[ -485341ms] [WARNING] []Automatic fallback to software WebGL has been deprecated. Please use the --enable-unsafe-swiftshader flag to opt in to lower security guarantees for trusted content. @ https://www.tiktok.com/player/v1/7601122963345116418?autoplay=0&controls=1&description=0&music_info=0&fullscreen_button=1:0
[ -485247ms] [WARNING] []Automatic fallback to software WebGL has been deprecated. Please use the --enable-unsafe-swiftshader flag to opt in to lower security guarantees for trusted content. @ https://www.tiktok.com/player/v1/7611248560457141526?autoplay=0&controls=1&description=0&music_info=0&fullscreen_button=1:0
[ -483878ms] [WARNING] []Automatic fallback to software WebGL has been deprecated. Please use the --enable-unsafe-swiftshader flag to opt in to lower security guarantees for trusted content. @ https://www.tiktok.com/player/v1/7611248560457141526?autoplay=0&controls=1&description=0&music_info=0&fullscreen_button=1:0
[ -483876ms] [WARNING] []Automatic fallback to software WebGL has been deprecated. Please use the --enable-unsafe-swiftshader flag to opt in to lower security guarantees for trusted content. @ https://www.tiktok.com/player/v1/7601122963345116418?autoplay=0&controls=1&description=0&music_info=0&fullscreen_button=1:0
[ -498185ms] [INFO] . @ https://sf16-website-login.neutral.tiktokcdn-eu.com/obj/tiktok_web_login_static_eu/webmssdk/1.0.0.328/webmssdk.js:0
[ -497648ms] [WARNING] You will need to pass in an @ies/starling_intl instance by using registerReactInstance @ https://sf16-website-login.neutral.tiktokcdn-eu.com/obj/tiktok_web_login_static_eu/tiktok_4d_playback/static/js/522.0610336094.js:4
[ -497647ms] [WARNING] You will need to pass in an @ies/starling_intl instance by using registerReactInstance @ https://sf16-website-login.neutral.tiktokcdn-eu.com/obj/tiktok_web_login_static_eu/tiktok_4d_playback/static/js/522.0610336094.js:4
[ -497281ms] [WARNING] getRelatedApps failed InvalidStateError: Failed to execute 'getInstalledRelatedApps' on 'Navigator': getInstalledRelatedApps() is only supported in top-level browsing contexts.
    at o (https://sf16-website-login.neutral.tiktokcdn-eu.com/obj/tiktok_web_login_static_eu/tiktok_4d_playback/static/js/async/73.42e10e9fa3.js:2:18472)
    at o.next (<anonymous>)
    at https://sf16-website-login.neutral.tiktokcdn-eu.com/obj/tiktok_web_login_static_eu/tiktok_4d_playback/static/js/async/73.42e10e9fa3.js:2:18890
    at new Promise (<anonymous>)
    at https://sf16-website-login.neutral.tiktokcdn-eu.com/obj/tiktok_web_login_static_eu/tiktok_4d_playback/static/js/async/73.42e10e9fa3.js:2:18639
    at oU (https://sf16-website-login.neutral.tiktokcdn-eu.com/obj/tiktok_web_login_static_eu/tiktok_4d_playback/static/js/lib-react.b24368ee1a.js:2:87666)
    at uj (https://sf16-website-login.neutral.tiktokcdn-eu.com/obj/tiktok_web_login_static_eu/tiktok_4d_playback/static/js/lib-react.b24368ee1a.js:2:116657)
    at https://sf16-website-login.neutral.tiktokcdn-eu.com/obj/tiktok_web_login_static_eu/tiktok_4d_playback/static/js/lib-react.b24368ee1a.js:2:111232
    at x (https://sf16-website-login.neutral.tiktokcdn-eu.com/obj/tiktok_web_login_static_eu/tiktok_4d_playback/static/js/lib-react.b24368ee1a.js:2:140882)
    at T (https://sf16-website-login.neutral.tiktokcdn-eu.com/obj/tiktok_web_login_static_eu/tiktok_4d_playback/static/js/lib-react.b24368ee1a.js:2:141403) @ https://sf16-website-login.neutral.tiktokcdn-eu.com/obj/tiktok_web_login_static_eu/tiktok_4d_playback/static/js/async/73.42e10e9fa3.js:1
[ -497202ms] [LOG] %c %s color: yellow; background-color: black; [instance: cookie_banner_tea_sdk] appid: 345918, userInfo:{"user_unique_id":"7149754012121132419","web_id":"7149754012121132419"} @ https://sf16-website-login.neutral.tiktokcdn-eu.com/obj/tiktok_web_login_static_eu/tiktok_4d_playback/static/js/522.0610336094.js:4
[ -497201ms] [LOG] %c %s color: yellow; background-color: black; [instance: cookie_banner_tea_sdk] appid: 345918, sdk is ready, version is 5.3.15_oversea, you can report now !!! @ https://sf16-website-login.neutral.tiktokcdn-eu.com/obj/tiktok_web_login_static_eu/tiktok_4d_playback/static/js/522.0610336094.js:4
[ -486568ms] [WARNING] []Automatic fallback to software WebGL has been deprecated. Please use the --enable-unsafe-swiftshader flag to opt in to lower security guarantees for trusted content. @ https://www.tiktok.com/player/v1/7601122963345116418?autoplay=0&controls=1&description=0&music_info=0&fullscreen_button=1:0
[ -486568ms] [WARNING] []Automatic fallback to software WebGL has been deprecated. Please use the --enable-unsafe-swiftshader flag to opt in to lower security guarantees for trusted content. @ https://www.tiktok.com/player/v1/7601122963345116418?autoplay=0&controls=1&description=0&music_info=0&fullscreen_button=1:0
[ -486568ms] [WARNING] []Automatic fallback to software WebGL has been deprecated. Please use the --enable-unsafe-swiftshader flag to opt in to lower security guarantees for trusted content. @ https://www.tiktok.com/player/v1/7611248560457141526?autoplay=0&controls=1&description=0&music_info=0&fullscreen_button=1:0
[ -486567ms] [WARNING] []Automatic fallback to software WebGL has been deprecated. Please use the --enable-unsafe-swiftshader flag to opt in to lower security guarantees for trusted content. @ https://www.tiktok.com/player/v1/7611248560457141526?autoplay=0&controls=1&description=0&music_info=0&fullscreen_button=1:0
[ -486567ms] [WARNING] No available adapters. @ https://www.tiktok.com/player/v1/7601122963345116418?autoplay=0&controls=1&description=0&music_info=0&fullscreen_button=1:0
[ -486450ms] [WARNING] No available adapters. @ https://www.tiktok.com/player/v1/7611248560457141526?autoplay=0&controls=1&description=0&music_info=0&fullscreen_button=1:0
[ -485341ms] [WARNING] []Automatic fallback to software WebGL has been deprecated. Please use the --enable-unsafe-swiftshader flag to opt in to lower security guarantees for trusted content. @ https://www.tiktok.com/player/v1/7601122963345116418?autoplay=0&controls=1&description=0&music_info=0&fullscreen_button=1:0
[ -485247ms] [WARNING] []Automatic fallback to software WebGL has been deprecated. Please use the --enable-unsafe-swiftshader flag to opt in to lower security guarantees for trusted content. @ https://www.tiktok.com/player/v1/7611248560457141526?autoplay=0&controls=1&description=0&music_info=0&fullscreen_button=1:0
[ -483878ms] [WARNING] []Automatic fallback to software WebGL has been deprecated. Please use the --enable-unsafe-swiftshader flag to opt in to lower security guarantees for trusted content. @ https://www.tiktok.com/player/v1/7611248560457141526?autoplay=0&controls=1&description=0&music_info=0&fullscreen_button=1:0
[ -483876ms] [WARNING] []Automatic fallback to software WebGL has been deprecated. Please use the --enable-unsafe-swiftshader flag to opt in to lower security guarantees for trusted content. @ https://www.tiktok.com/player/v1/7601122963345116418?autoplay=0&controls=1&description=0&music_info=0&fullscreen_button=1:0
[ -498005ms] [INFO] . @ https://sf16-website-login.neutral.tiktokcdn-eu.com/obj/tiktok_web_login_static_eu/webmssdk/1.0.0.328/webmssdk.js:0
[ -497436ms] [WARNING] You will need to pass in an @ies/starling_intl instance by using registerReactInstance @ https://sf16-website-login.neutral.tiktokcdn-eu.com/obj/tiktok_web_login_static_eu/tiktok_4d_playback/static/js/522.0610336094.js:4
[ -497435ms] [WARNING] You will need to pass in an @ies/starling_intl instance by using registerReactInstance @ https://sf16-website-login.neutral.tiktokcdn-eu.com/obj/tiktok_web_login_static_eu/tiktok_4d_playback/static/js/522.0610336094.js:4
[ -497217ms] [WARNING] getRelatedApps failed InvalidStateError: Failed to execute 'getInstalledRelatedApps' on 'Navigator': getInstalledRelatedApps() is only supported in top-level browsing contexts.
    at o (https://sf16-website-login.neutral.tiktokcdn-eu.com/obj/tiktok_web_login_static_eu/tiktok_4d_playback/static/js/async/73.42e10e9fa3.js:2:18472)
    at o.next (<anonymous>)
    at https://sf16-website-login.neutral.tiktokcdn-eu.com/obj/tiktok_web_login_static_eu/tiktok_4d_playback/static/js/async/73.42e10e9fa3.js:2:18890
    at new Promise (<anonymous>)
    at https://sf16-website-login.neutral.tiktokcdn-eu.com/obj/tiktok_web_login_static_eu/tiktok_4d_playback/static/js/async/73.42e10e9fa3.js:2:18639
    at oU (https://sf16-website-login.neutral.tiktokcdn-eu.com/obj/tiktok_web_login_static_eu/tiktok_4d_playback/static/js/lib-react.b24368ee1a.js:2:87666)
    at uj (https://sf16-website-login.neutral.tiktokcdn-eu.com/obj/tiktok_web_login_static_eu/tiktok_4d_playback/static/js/lib-react.b24368ee1a.js:2:116657)
    at https://sf16-website-login.neutral.tiktokcdn-eu.com/obj/tiktok_web_login_static_eu/tiktok_4d_playback/static/js/lib-react.b24368ee1a.js:2:111232
    at x (https://sf16-website-login.neutral.tiktokcdn-eu.com/obj/tiktok_web_login_static_eu/tiktok_4d_playback/static/js/lib-react.b24368ee1a.js:2:140882)
    at T (https://sf16-website-login.neutral.tiktokcdn-eu.com/obj/tiktok_web_login_static_eu/tiktok_4d_playback/static/js/lib-react.b24368ee1a.js:2:141403) @ https://sf16-website-login.neutral.tiktokcdn-eu.com/obj/tiktok_web_login_static_eu/tiktok_4d_playback/static/js/async/73.42e10e9fa3.js:1
[ -496802ms] [LOG] %c %s color: yellow; background-color: black; [instance: cookie_banner_tea_sdk] appid: 345918, userInfo:{"user_unique_id":"7149754012121132419","web_id":"7149754012121132419"} @ https://sf16-website-login.neutral.tiktokcdn-eu.com/obj/tiktok_web_login_static_eu/tiktok_4d_playback/static/js/522.0610336094.js:4
[ -496801ms] [LOG] %c %s color: yellow; background-color: black; [instance: cookie_banner_tea_sdk] appid: 345918, sdk is ready, version is 5.3.15_oversea, you can report now !!! @ https://sf16-website-login.neutral.tiktokcdn-eu.com/obj/tiktok_web_login_static_eu/tiktok_4d_playback/static/js/522.0610336094.js:4
[     894ms] [VERBOSE] Rendering was performed in a subtree hidden by content-visibility. @ :3338
